Archive member included because of file (symbol)

miosix/libmiosix.a(kernel.o)  src/IRQhandler.o (_ZN6miosix6Thread5yieldEv)
miosix/libmiosix.a(error.o)   miosix/libmiosix.a(kernel.o) (_ZN6miosix12errorHandlerENS_5ErrorE)
miosix/libmiosix.a(pthread.o)
                              main.o (pthread_create)
miosix/libmiosix.a(stage_2_boot.o)
                              miosix/libmiosix.a(kernel.o) (_ZN6miosix10mainLoaderEPv)
miosix/libmiosix.a(priority_scheduler.o)
                              miosix/libmiosix.a(kernel.o) (_ZN6miosix17PriorityScheduler11PKaddThreadEPNS_6ThreadENS_25PrioritySchedulerPriorityE)
miosix/libmiosix.a(console_device.o)
                              miosix/libmiosix.a(error.o) (_ZN6miosix14DefaultConsole8instanceEv)
miosix/libmiosix.a(devfs.o)   miosix/libmiosix.a(console_device.o) (_ZNK6miosix6Device5fstatEP4stat)
miosix/libmiosix.a(libc_integration.o)
                              miosix/libmiosix.a(console_device.o) (__dso_handle)
miosix/libmiosix.a(libstdcpp_integration.o)
                              miosix/libmiosix.a(console_device.o) (__cxa_guard_acquire)
miosix/libmiosix.a(util.o)    miosix/libmiosix.a(stage_2_boot.o) (_ZN6miosix15MemoryProfiling11getHeapSizeEv)
miosix/libmiosix.a(version.o)
                              miosix/libmiosix.a(stage_2_boot.o) (_ZN6miosix16getMiosixVersionEv)
miosix/libmiosix.a(bsp.o)     miosix/libmiosix.a(stage_2_boot.o) (_ZN6miosix8shutdownEv)
miosix/libmiosix.a(interrupts_cortexMx.o)
                              miosix/arch/cortexM4_stm32f4/stm32f407vg_stm32f4discovery/core/stage_1_boot.o (_Z17HardFault_Handlerv)
miosix/libmiosix.a(serial_stm32.o)
                              miosix/libmiosix.a(bsp.o) (_ZN6miosix11STM32SerialC1EiiNS0_8FlowCtrlE)
miosix/libmiosix.a(portability.o)
                              miosix/arch/cortexM4_stm32f4/stm32f407vg_stm32f4discovery/core/stage_1_boot.o (_Z15SysTick_Handlerv)
miosix/libmiosix.a(delays.o)  miosix/libmiosix.a(bsp.o) (_ZN6miosix7delayMsEj)
miosix/libmiosix.a(gpio_impl.o)
                              src/spi.o (_ZN6miosix8GpioBase8modeImplEjhNS_4Mode5Mode_E)
miosix/libmiosix.a(sd_stm32f2_f4.o)
                              miosix/libmiosix.a(bsp.o) (_ZN6miosix10SDIODriver8instanceEv)
miosix/libmiosix.a(system_stm32f4xx.o)
                              miosix/arch/cortexM4_stm32f4/stm32f407vg_stm32f4discovery/core/stage_1_boot.o (SystemInit)
miosix/libmiosix.a(file_access.o)
                              miosix/libmiosix.a(bsp.o) (_ZN6miosix17FilesystemManager8instanceEv)
miosix/libmiosix.a(file.o)    miosix/libmiosix.a(devfs.o) (_ZNK6miosix8FileBase6isattyEv)
miosix/libmiosix.a(stringpart.o)
                              miosix/libmiosix.a(devfs.o) (_ZN6miosix10StringPartC1ERSsjj)
miosix/libmiosix.a(mountpointfs.o)
                              miosix/libmiosix.a(file_access.o) (_ZTVN6miosix12MountpointFsE)
miosix/libmiosix.a(fat32.o)   miosix/libmiosix.a(file_access.o) (_ZN6miosix7Fat32FsC1ENS_17intrusive_ref_ptrINS_8FileBaseEEE)
miosix/libmiosix.a(ff.o)      miosix/libmiosix.a(fat32.o) (_Z10f_closedirP4DIR_)
miosix/libmiosix.a(diskio.o)  miosix/libmiosix.a(ff.o) (_Z9disk_readN6miosix17intrusive_ref_ptrINS_8FileBaseEEEPhmj)
miosix/libmiosix.a(wtoupper.o)
                              miosix/libmiosix.a(ff.o) (_Z11ff_wtouppert)
miosix/libmiosix.a(ccsbcs.o)  miosix/libmiosix.a(ff.o) (_Z10ff_converttj)
miosix/libmiosix.a(unicode.o)
                              miosix/libmiosix.a(ff.o) (_ZN6miosix7Unicode7putUtf8EPcDii)
/opt/arm-miosix-eabi/bin/../lib/gcc/arm-miosix-eabi/4.7.3/../../../../arm-miosix-eabi/lib/thumb/cm4/hardfp/fpv4/libstdc++.a(eh_exception.o)
                              miosix/libmiosix.a(kernel.o) (_ZTISt9exception)
/opt/arm-miosix-eabi/bin/../lib/gcc/arm-miosix-eabi/4.7.3/../../../../arm-miosix-eabi/lib/thumb/cm4/hardfp/fpv4/libstdc++.a(class_type_info.o)
                              miosix/libmiosix.a(console_device.o) (_ZTVN10__cxxabiv117__class_type_infoE)
/opt/arm-miosix-eabi/bin/../lib/gcc/arm-miosix-eabi/4.7.3/../../../../arm-miosix-eabi/lib/thumb/cm4/hardfp/fpv4/libstdc++.a(eh_catch.o)
                              miosix/libmiosix.a(kernel.o) (__cxa_begin_catch)
/opt/arm-miosix-eabi/bin/../lib/gcc/arm-miosix-eabi/4.7.3/../../../../arm-miosix-eabi/lib/thumb/cm4/hardfp/fpv4/libstdc++.a(del_op.o)
                              miosix/libmiosix.a(console_device.o) (_ZdlPv)
/opt/arm-miosix-eabi/bin/../lib/gcc/arm-miosix-eabi/4.7.3/../../../../arm-miosix-eabi/lib/thumb/cm4/hardfp/fpv4/libstdc++.a(eh_personality.o)
                              src/IRQhandler.o (__gxx_personality_v0)
/opt/arm-miosix-eabi/bin/../lib/gcc/arm-miosix-eabi/4.7.3/../../../../arm-miosix-eabi/lib/thumb/cm4/hardfp/fpv4/libstdc++.a(si_class_type_info.o)
                              miosix/libmiosix.a(console_device.o) (_ZTVN10__cxxabiv120__si_class_type_infoE)
/opt/arm-miosix-eabi/bin/../lib/gcc/arm-miosix-eabi/4.7.3/../../../../arm-miosix-eabi/lib/thumb/cm4/hardfp/fpv4/libstdc++.a(new_op.o)
[...]
Memory Configuration

Name             Origin             Length             Attributes
flash            0x08000000         0x00100000         xr
smallram         0x10000200         0x0000fe00         xw
largeram         0x20000000         0x00020000         xw
*default*        0x00000000         0xffffffff

Linker script and memory map

                0x00000200                _main_stack_size = 0x200
                0x10000200                _main_stack_top = (0x10000000 + _main_stack_size)
                0x00000001                ASSERT (((_main_stack_size % 0x8) == 0x0), MAIN stack size error)
                0x20000000                _end = 0x20000000
                0x20020000                _heap_end = 0x20020000
                0x00000000                . = 0x0

.text           0x08000000    0x1703c
 *(.isr_vector)
 .isr_vector    0x08000000      0x188 miosix/arch/cortexM4_stm32f4/stm32f407vg_stm32f4discovery/core/stage_1_boot.o
                0x08000000                __Vectors
 *(.text)
 .text          0x08000188       0x10 /opt/arm-miosix-eabi/bin/../lib/gcc/arm-miosix-eabi/4.7.3/../../../../arm-miosix-eabi/lib/thumb/cm4/hardfp/fpv4/libc.a(lib_a-abort.o)
                0x08000188                abort
 .text          0x08000198       0x4c /opt/arm-miosix-eabi/bin/../lib/gcc/arm-miosix-eabi/4.7.3/../../../../arm-miosix-eabi/lib/thumb/cm4/hardfp/fpv4/libc.a(lib_a-assert.o)
                0x08000198                __assert_func
                0x080001d8                __assert
 .text          0x080001e4       0x14 /opt/arm-miosix-eabi/bin/../lib/gcc/arm-miosix-eabi/4.7.3/../../../../arm-miosix-eabi/lib/thumb/cm4/hardfp/fpv4/libc.a(lib_a-cxa_atexit.o)
                0x080001e4                __cxa_atexit
 .text          0x080001f8      0x25c /opt/arm-miosix-eabi/bin/../lib/gcc/arm-miosix-eabi/4.7.3/../../../../arm-miosix-eabi/lib/thumb/cm4/hardfp/fpv4/libc.a(lib_a-findfp.o)
                0x080001f8                _cleanup_r
                0x08000284                __sfmoreglue
                0x080002ac                _cleanup
                0x080002bc                __sfp_lock_acquire
                0x080002c8                __sfp_lock_release
                0x080002d4                __sinit_lock_acquire
                0x080002e0                __sinit_lock_release
                0x080002ec                __sinit
                0x08000364                __sfp
                0x0800041c                __fp_lock_all
                0x08000438                __fp_unlock_all
 .text          0x08000454       0x48 /opt/arm-miosix-eabi/bin/../lib/gcc/arm-miosix-eabi/4.7.3/../../../../arm-miosix-eabi/lib/thumb/cm4/hardfp/fpv4/libc.a(lib_a-fiprintf.o)
                0x08000454                _fiprintf_r
                0x08000474                fiprintf
 .text          0x0800049c       0x94 /opt/arm-miosix-eabi/bin/../lib/gcc/arm-miosix-eabi/4.7.3/../../../../arm-miosix-eabi/lib/thumb/cm4/hardfp/fpv4/libc.a(lib_a-fwalk.o)
                0x0800049c                _fwalk
                0x080004e4                _fwalk_reent
 .text          0x08000530       0x88 /opt/arm-miosix-eabi/bin/../lib/gcc/arm-miosix-eabi/4.7.3/../../../../arm-miosix-eabi/lib/thumb/cm4/hardfp/fpv4/libc.a(lib_a-mallinfor.o)
                0x08000530                __malloc_update_mallinfo
                0x08000584                _mallinfo_r
 .text          0x080005b8       0x28 /opt/arm-miosix-eabi/bin/../lib/gcc/arm-miosix-eabi/4.7.3/../../../../arm-miosix-eabi/lib/thumb/cm4/hardfp/fpv4/libc.a(lib_a-malloc.o)
                0x080005b8                malloc
                0x080005cc                free
 .text          0x080005e0      0x54c /opt/arm-miosix-eabi/bin/../lib/gcc/arm-miosix-eabi/4.7.3/../../../../arm-miosix-eabi/lib/thumb/cm4/hardfp/fpv4/libc.a(lib_a-mallocr.o)
                0x080005e0                _malloc_r
 .text          0x08000b2c       0x94 /opt/arm-miosix-eabi/bin/../lib/gcc/arm-miosix-eabi/4.7.3/../../../../arm-miosix-eabi/lib/thumb/cm4/hardfp/fpv4/libc.a(lib_a-memchr-stub.o)
                0x08000b2c                memchr
 .text          0x08000bc0       0x64 /opt/arm-miosix-eabi/bin/../lib/gcc/arm-miosix-eabi/4.7.3/../../../../arm-miosix-eabi/lib/thumb/cm4/hardfp/fpv4/libc.a(lib_a-memcmp.o)
                0x08000bc0                memcmp
 .text          0x08000c24       0x94 /opt/arm-miosix-eabi/bin/../lib/gcc/arm-miosix-eabi/4.7.3/../../../../arm-miosix-eabi/lib/thumb/cm4/hardfp/fpv4/libc.a(lib_a-memcpy-stub.o)
                0x08000c24                memcpy
 .text          0x08000cb8       0xbc /opt/arm-miosix-eabi/bin/../lib/gcc/arm-miosix-eabi/4.7.3/../../../../arm-miosix-eabi/lib/thumb/cm4/hardfp/fpv4/libc.a(lib_a-memmove.o)
                0x08000cb8                memmove
 .text          0x08000d74       0x90 /opt/arm-miosix-eabi/bin/../lib/gcc/arm-miosix-eabi/4.7.3/../../../../arm-miosix-eabi/lib/thumb/cm4/hardfp/fpv4/libc.a(lib_a-memrchr.o)
                0x08000d74                memrchr
 .text          0x08000e04       0x94 /opt/arm-miosix-eabi/bin/../lib/gcc/arm-miosix-eabi/4.7.3/../../../../arm-miosix-eabi/lib/thumb/cm4/hardfp/fpv4/libc.a(lib_a-memset.o)
                0x08000e04                memset
 .text          0x08000e98       0x2c /opt/arm-miosix-eabi/bin/../lib/gcc/arm-miosix-eabi/4.7.3/../../../../arm-miosix-eabi/lib/thumb/cm4/hardfp/fpv4/libc.a(lib_a-raise.o)
                0x08000e98                _raise_r
                0x08000eb0                raise
 .text          0x08000ec4       0xd8 /opt/arm-miosix-eabi/bin/../lib/gcc/arm-miosix-eabi/4.7.3/../../../../arm-miosix-eabi/lib/thumb/cm4/hardfp/fpv4/libc.a(lib_a-reent.o)
                0x08000ec4                cleanup_glue
                0x08000ee0                _reclaim_reent
 .text          0x08000f9c       0xb8 /opt/arm-miosix-eabi/bin/../lib/gcc/arm-miosix-eabi/4.7.3/../../../../arm-miosix-eabi/lib/thumb/cm4/hardfp/fpv4/libc.a(lib_a-stdio.o)
                0x08000f9c                __sread
                0x08000fc8                __seofread
                0x08000fcc                __swrite
                0x08001014                __sseek
                0x0800104c                __sclose
 .text          0x08001054       0xfc /opt/arm-miosix-eabi/bin/../lib/gcc/arm-miosix-eabi/4.7.3/../../../../arm-miosix-eabi/lib/thumb/cm4/hardfp/fpv4/libc.a(lib_a-strchr.o)
                0x08001054                strchr
 .text          0x08001150      0x248 /opt/arm-miosix-eabi/bin/../lib/gcc/arm-miosix-eabi/4.7.3/../../../../arm-miosix-eabi/lib/thumb/cm4/hardfp/fpv4/libc.a(lib_a-strcmp.o)
                0x08001150                strcmp
 .text          0x08001398       0xbc /opt/arm-miosix-eabi/bin/../lib/gcc/arm-miosix-eabi/4.7.3/../../../../arm-miosix-eabi/lib/thumb/cm4/hardfp/fpv4/libc.a(lib_a-strcpy.o)
                0x08001398                strcpy
 .text          0x08001454      0x3b4 /opt/arm-miosix-eabi/bin/../lib/gcc/arm-miosix-eabi/4.7.3/../../../../arm-miosix-eabi/lib/thumb/cm4/hardfp/fpv4/libc.a(lib_a-strerror.o)
                0x08001454                _strerror_r
                0x080017f0                strerror
 .text          0x08001808       0x60 /opt/arm-miosix-eabi/bin/../lib/gcc/arm-miosix-eabi/4.7.3/../../../../arm-miosix-eabi/lib/thumb/cm4/hardfp/fpv4/libc.a(lib_a-strlen.o)
                0x08001808                strlen
 .text          0x08001868       0x4c /opt/arm-miosix-eabi/bin/../lib/gcc/arm-miosix-eabi/4.7.3/../../../../arm-miosix-eabi/lib/thumb/cm4/hardfp/fpv4/libc.a(lib_a-usleep.o)
                0x08001868                usleep
 .text          0x080018b4        0x4 /opt/arm-miosix-eabi/bin/../lib/gcc/arm-miosix-eabi/4.7.3/../../../../arm-miosix-eabi/lib/thumb/cm4/hardfp/fpv4/libc.a(lib_a-u_strerr.o)
                0x080018b4                _user_strerror
 .text          0x080018b8      0xd90 /opt/arm-miosix-eabi/bin/../lib/gcc/arm-miosix-eabi/4.7.3/../../../../arm-miosix-eabi/lib/thumb/cm4/hardfp/fpv4/libc.a(lib_a-vfiprintf.o)
                0x080018b8                __sprint_r
                0x08001934                _vfiprintf_r
                0x0800262c                vfiprintf
 .text          0x08002648       0x64 /opt/arm-miosix-eabi/bin/../lib/gcc/arm-miosix-eabi/4.7.3/../../../../arm-miosix-eabi/lib/thumb/cm4/hardfp/fpv4/libc.a(lib_a-viprintf.o)
                0x08002648                viprintf
                0x08002680                _viprintf_r
 .text          0x080026ac      0x11c /opt/arm-miosix-eabi/bin/../lib/gcc/arm-miosix-eabi/4.7.3/../../../../arm-miosix-eabi/lib/thumb/cm4/hardfp/fpv4/libc.a(lib_a-wsetup.o)
                0x080026ac                __swsetup_r
 .text          0x080027c8        0x8 /opt/arm-miosix-eabi/bin/../lib/gcc/arm-miosix-eabi/4.7.3/../../../../arm-miosix-eabi/lib/thumb/cm4/hardfp/fpv4/libc.a(lib_a-errno.o)
                0x080027c8                __errno
 .text          0x080027d0      0x124 /opt/arm-miosix-eabi/bin/../lib/gcc/arm-miosix-eabi/4.7.3/../../../../arm-miosix-eabi/lib/thumb/cm4/hardfp/fpv4/libc.a(lib_a-fclose.o)
                0x080027d0                _fclose_r
                0x080028e0                fclose
 .text          0x080028f4      0x234 /opt/arm-miosix-eabi/bin/../lib/gcc/arm-miosix-eabi/4.7.3/../../../../arm-miosix-eabi/lib/thumb/cm4/hardfp/fpv4/libc.a(lib_a-fflush.o)
                0x080028f4                __sflush_r
                0x08002a54                _fflush_r
                0x08002afc                fflush
 .text          0x08002b28      0x17c /opt/arm-miosix-eabi/bin/../lib/gcc/arm-miosix-eabi/4.7.3/../../../../arm-miosix-eabi/lib/thumb/cm4/hardfp/fpv4/libc.a(lib_a-fputwc.o)
                0x08002b28                _fputwc_r
                0x08002c38                fputwc
 .text          0x08002ca4      0x228 /opt/arm-miosix-eabi/bin/../lib/gcc/arm-miosix-eabi/4.7.3/../../../../arm-miosix-eabi/lib/thumb/cm4/hardfp/fpv4/libc.a(lib_a-freer.o)
                0x08002ca4                _malloc_trim_r
                0x08002d3c                _free_r
 .text          0x08002ecc      0x32c /opt/arm-miosix-eabi/bin/../lib/gcc/arm-miosix-eabi/4.7.3/../../../../arm-miosix-eabi/lib/thumb/cm4/hardfp/fpv4/libc.a(lib_a-fvwrite.o)
                0x08002ecc                __sfvwrite_r
 .text          0x080031f8       0x94 /opt/arm-miosix-eabi/bin/../lib/gcc/arm-miosix-eabi/4.7.3/../../../../arm-miosix-eabi/lib/thumb/cm4/hardfp/fpv4/libc.a(lib_a-locale.o)
                0x080031f8                _setlocale_r
                0x08003238                __locale_charset
                0x08003244                __locale_mb_cur_max
                0x08003250                __locale_msgcharset
                0x08003258                __locale_cjk_lang
                0x0800325c                _localeconv_r
                0x08003264                setlocale
                0x0800327c                localeconv
 .text          0x0800328c       0xf0 /opt/arm-miosix-eabi/bin/../lib/gcc/arm-miosix-eabi/4.7.3/../../../../arm-miosix-eabi/lib/thumb/cm4/hardfp/fpv4/libc.a(lib_a-makebuf.o)
                0x0800328c                __smakebuf_r
 .text          0x0800337c      0x3ec /opt/arm-miosix-eabi/bin/../lib/gcc/arm-miosix-eabi/4.7.3/../../../../arm-miosix-eabi/lib/thumb/cm4/hardfp/fpv4/libc.a(lib_a-reallocr.o)
                0x0800337c                _realloc_r
 .text          0x08003768      0x104 /opt/arm-miosix-eabi/bin/../lib/gcc/arm-miosix-eabi/4.7.3/../../../../arm-miosix-eabi/lib/thumb/cm4/hardfp/fpv4/libc.a(lib_a-wbuf.o)
                0x08003768                __swbuf_r
                0x08003854                __swbuf
 .text          0x0800386c       0xb4 /opt/arm-miosix-eabi/bin/../lib/gcc/arm-miosix-eabi/4.7.3/../../../../arm-miosix-eabi/lib/thumb/cm4/hardfp/fpv4/libc.a(lib_a-wcrtomb.o)
                0x0800386c                _wcrtomb_r
                0x080038bc                wcrtomb
 .text          0x08003920       0x4c /opt/arm-miosix-eabi/bin/../lib/gcc/arm-miosix-eabi/4.7.3/../../../../arm-miosix-eabi/lib/thumb/cm4/hardfp/fpv4/libc.a(lib_a-wctomb_r.o)
                0x08003920                __ascii_wctomb
                0x0800393c                _wctomb_r
 .text          0x0800396c      0x370 /opt/arm-miosix-eabi/bin/../lib/gcc/arm-miosix-eabi/4.7.3/thumb/cm4/hardfp/fpv4/libgcc.a(_arm_addsubdf3.o)
                0x0800396c                __aeabi_drsub
                0x08003974                __aeabi_dsub
                0x08003974                __subdf3
                0x08003978                __adddf3
                0x08003978                __aeabi_dadd
                0x08003bf0                __aeabi_ui2d
                0x08003bf0                __floatunsidf
                0x08003c10                __floatsidf
                0x08003c10                __aeabi_i2d
                0x08003c34                __extendsfdf2
                0x08003c34                __aeabi_f2d
                0x08003c70                __aeabi_ul2d
                0x08003c70                __floatundidf
                0x08003c80                __floatdidf
                0x08003c80                __aeabi_l2d
 .text          0x08003cdc      0x424 /opt/arm-miosix-eabi/bin/../lib/gcc/arm-miosix-eabi/4.7.3/thumb/cm4/hardfp/fpv4/libgcc.a(_arm_muldivdf3.o)
                0x08003cdc                __aeabi_dmul
                0x08003cdc                __muldf3
                0x08003f30                __aeabi_ddiv
                0x08003f30                __divdf3
 .text          0x08004100       0x50 /opt/arm-miosix-eabi/bin/../lib/gcc/arm-miosix-eabi/4.7.3/thumb/cm4/hardfp/fpv4/libgcc.a(_arm_fixdfsi.o)
                0x08004100                __fixdfsi
                0x08004100                __aeabi_d2iz
 .text          0x08004150       0x2c /opt/arm-miosix-eabi/bin/../lib/gcc/arm-miosix-eabi/4.7.3/thumb/cm4/hardfp/fpv4/libgcc.a(_aeabi_uldivmod.o)
                0x08004150                __aeabi_uldivmod
 .text          0x0800417c       0x58 /opt/arm-miosix-eabi/bin/../lib/gcc/arm-miosix-eabi/4.7.3/thumb/cm4/hardfp/fpv4/libgcc.a(bpabi.o)
                0x0800417c                __gnu_ldivmod_helper
                0x080041a8                __gnu_uldivmod_helper
 .text          0x080041d4      0x9fc /opt/arm-miosix-eabi/bin/../lib/gcc/arm-miosix-eabi/4.7.3/thumb/cm4/hardfp/fpv4/libgcc.a(unwind-arm.o)
                0x08004498                _Unwind_GetCFA
                0x0800449c                __gnu_Unwind_RaiseException
                0x080044fc                __gnu_Unwind_ForcedUnwind
                0x08004514                __gnu_Unwind_Resume
                0x08004558                __gnu_Unwind_Resume_or_Rethrow
                0x08004570                _Unwind_Complete
                0x08004574                _Unwind_DeleteException
                0x08004584                _Unwind_VRS_Get
                0x080045cc                _Unwind_VRS_Set
                0x080048e0                __aeabi_unwind_cpp_pr2
                0x080048e8                __aeabi_unwind_cpp_pr1
                0x080048f0                __aeabi_unwind_cpp_pr0
                0x080048f8                __gnu_Unwind_Backtrace
                0x08004968                _Unwind_VRS_Pop
 .text          0x08004bd0      0x1ac /opt/arm-miosix-eabi/bin/../lib/gcc/arm-miosix-eabi/4.7.3/thumb/cm4/hardfp/fpv4/libgcc.a(libunwind.o)
                0x08004bd0                __restore_core_regs
                0x08004bd0                restore_core_regs
                0x08004be8                __gnu_Unwind_Restore_VFP
                0x08004bf0                __gnu_Unwind_Save_VFP
                0x08004bf8                __gnu_Unwind_Restore_VFP_D
                0x08004c00                __gnu_Unwind_Save_VFP_D
                0x08004c08                __gnu_Unwind_Restore_VFP_D_16_to_31
                0x08004c10                __gnu_Unwind_Save_VFP_D_16_to_31
                0x08004c18                __gnu_Unwind_Restore_WMMXD
                0x08004c5c                __gnu_Unwind_Save_WMMXD
                0x08004ca0                __gnu_Unwind_Restore_WMMXC
                0x08004cb4                __gnu_Unwind_Save_WMMXC
                0x08004cc8                ___Unwind_RaiseException
                0x08004cc8                _Unwind_RaiseException
                0x08004cec                ___Unwind_Resume
                0x08004cec                _Unwind_Resume
                0x08004d10                _Unwind_Resume_or_Rethrow
                0x08004d10                ___Unwind_Resume_or_Rethrow
                0x08004d34                ___Unwind_ForcedUnwind
                0x08004d34                _Unwind_ForcedUnwind
                0x08004d58                _Unwind_Backtrace
                0x08004d58                ___Unwind_Backtrace
 .text          0x08004d7c      0x3a0 /opt/arm-miosix-eabi/bin/../lib/gcc/arm-miosix-eabi/4.7.3/thumb/cm4/hardfp/fpv4/libgcc.a(pr-support.o)
                0x08004dc8                __gnu_unwind_execute
                0x080050c4                __gnu_unwind_frame
                0x080050ec                _Unwind_GetRegionStart
                0x080050f8                _Unwind_GetLanguageSpecificData
                0x0800510c                _Unwind_GetDataRelBase
                0x08005114                _Unwind_GetTextRelBase
 .text          0x0800511c        0x4 /opt/arm-miosix-eabi/bin/../lib/gcc/arm-miosix-eabi/4.7.3/thumb/cm4/hardfp/fpv4/libgcc.a(_dvmd_tls.o)
                0x0800511c                __aeabi_ldiv0
                0x0800511c                __aeabi_idiv0
 .text          0x08005120      0x2c8 /opt/arm-miosix-eabi/bin/../lib/gcc/arm-miosix-eabi/4.7.3/thumb/cm4/hardfp/fpv4/libgcc.a(_divdi3.o)
                0x08005120                __divdi3
 .text          0x080053e8      0x29c /opt/arm-miosix-eabi/bin/../lib/gcc/arm-miosix-eabi/4.7.3/thumb/cm4/hardfp/fpv4/libgcc.a(_udivdi3.o)
                0x080053e8                __udivdi3
 *(.text.*)
 .text._Z15spiritLevelLoopPv
                0x08005684       0x1c main.o
                0x08005684                _Z15spiritLevelLoopPv
 .text._Z13appRunningLedv
                0x080056a0       0x2c main.o
                0x080056a0                _Z13appRunningLedv
 .text.startup.main
                0x080056cc       0x28 main.o
                0x080056cc                main
 .text._ZN3Spi4csOnEv
                0x080056f4       0x14 src/spi.o
                0x080056f4                _ZN3Spi4csOnEv
 .text._ZN3Spi5csOffEv
                0x08005708       0x14 src/spi.o
                0x08005708                _ZN3Spi5csOffEv
 .text._ZN3Spi6configEv
                0x0800571c       0xdc src/spi.o
                0x0800571c                _ZN3Spi6configEv
 .text._ZN3Spi5writeEhh
                0x080057f8       0x7c src/spi.o
                0x080057f8                _ZN3Spi5writeEhh
 .text._ZN3Spi4readEh
                0x08005874       0x80 src/spi.o
                0x08005874                _ZN3Spi4readEh
 .text._ZN7Lis3dsh6configEs
                0x080058f4       0x44 src/lis3dsh.o
                0x080058f4                _ZN7Lis3dsh6configEs
 .text._ZN7Lis3dsh17waitForNewMeasureEv
                0x08005938       0x48 src/lis3dsh.o
                0x08005938                _ZN7Lis3dsh17waitForNewMeasureEv
 .text._Z16EXTI0_IRQHandlerv
                0x08005980       0x3c src/IRQhandler.o
                0x08005980                _Z16EXTI0_IRQHandlerv
 .text._Z16EXTI0HandlerImplv
                0x080059bc       0x40 src/IRQhandler.o
                0x080059bc                _Z16EXTI0HandlerImplv
 .text._ZN10IRQhandler21configureAccInterruptEv
                0x080059fc       0x64 src/IRQhandler.o
                0x080059fc                _ZN10IRQhandler21configureAccInterruptEv
 .text._ZN10IRQhandler17waitForAccMeasureEv
                0x08005a60       0x34 src/IRQhandler.o
                0x08005a60                _ZN10IRQhandler17waitForAccMeasureEv
 .text._ZN11SpiritLevel6configEs
                0x08005a94       0x48 src/spirit_level.o
                0x08005a94                _ZN11SpiritLevel6configEs
 .text._ZN11SpiritLevel5startEv
                0x08005adc       0x38 src/spirit_level.o
                0x08005adc                _ZN11SpiritLevel5startEv
 .text.Default_Handler
                0x08005b14        0x4 miosix/arch/cortexM4_stm32f4/stm32f407vg_stm32f4discovery/core/stage_1_boot.o
                0x08005b14                _Z18CAN1_TX_IRQHandlerv
                0x08005b14                _Z23DMA2_Stream1_IRQHandlerv
                0x08005b14                _Z23DMA2_Stream6_IRQHandlerv
                0x08005b14                _Z29TIM8_TRG_COM_TIM14_IRQHandlerv
                0x08005b14                _Z23DMA2_Stream5_IRQHandlerv
                0x08005b14                _Z16EXTI1_IRQHandlerv
                0x08005b14                _Z25OTG_HS_EP1_OUT_IRQHandlerv
                0x08005b14                _Z15DCMI_IRQHandlerv
                0x08005b14                _Z15WWDG_IRQHandlerv
                0x08005b14                _Z14RCC_IRQHandlerv
                0x08005b14                _Z15TIM5_IRQHandlerv
                0x08005b14                _Z19CAN1_SCE_IRQHandlerv
                0x08005b14                _Z19CAN2_RX1_IRQHandlerv
                0x08005b14                _Z23DMA1_Stream0_IRQHandlerv
                0x08005b14                _Z23DMA1_Stream6_IRQHandlerv
                0x08005b14                _Z23DMA1_Stream2_IRQHandlerv
                0x08005b14                _Z20EXTI15_10_IRQHandlerv
                0x08005b14                _Z16EXTI4_IRQHandlerv
                0x08005b14                _Z15SPI1_IRQHandlerv
                0x08005b14                _Z23DMA1_Stream7_IRQHandlerv
                0x08005b14                _Z21TAMP_STAMP_IRQHandlerv
                0x08005b14                _Z15CRYP_IRQHandlerv
                0x08005b14                _Z19HASH_RNG_IRQHandlerv
                0x08005b14                _Z19CAN1_RX0_IRQHandlerv
                0x08005b14                _Z14ADC_IRQHandlerv
                0x08005b14                _Z17USART6_IRQHandlerv
                0x08005b14                _Z16EXTI2_IRQHandlerv
                0x08005b14                _Z15SPI2_IRQHandlerv
                0x08005b14                _Z25TIM8_BRK_TIM12_IRQHandlerv
                0x08005b14                _Z18I2C1_EV_IRQHandlerv
                0x08005b14                _Z20RTC_Alarm_IRQHandlerv
                0x08005b14                _Z17OTG_HS_IRQHandlerv
                0x08005b14                _Z16UART4_IRQHandlerv
                0x08005b14                _Z19RTC_WKUP_IRQHandlerv
                0x08005b14                _Z18I2C3_ER_IRQHandlerv
                0x08005b14                _Z24TIM1_BRK_TIM9_IRQHandlerv
                0x08005b14                _Z18I2C2_ER_IRQHandlerv
                0x08005b14                _Z19TIM6_DAC_IRQHandlerv
                0x08005b14                _Z29TIM1_TRG_COM_TIM11_IRQHandlerv
                0x08005b14                _Z19CAN2_SCE_IRQHandlerv
                0x08005b14                _Z18CAN2_TX_IRQHandlerv
                0x08005b14                _Z16UART5_IRQHandlerv
                0x08005b14                Default_Handler
                0x08005b14                _Z18TIM1_CC_IRQHandlerv
                0x08005b14                _Z15TIM2_IRQHandlerv
                0x08005b14                _Z18I2C3_EV_IRQHandlerv
                0x08005b14                _Z19ETH_WKUP_IRQHandlerv
                0x08005b14                _Z23DMA2_Stream7_IRQHandlerv
                0x08005b14                _Z18TIM8_CC_IRQHandlerv
                0x08005b14                _Z16FLASH_IRQHandlerv
                0x08005b14                _Z22OTG_FS_WKUP_IRQHandlerv
                0x08005b14                _Z24TIM8_UP_TIM13_IRQHandlerv
                0x08005b14                _Z15FSMC_IRQHandlerv
                0x08005b14                _Z19CAN1_RX1_IRQHandlerv
                0x08005b14                _Z16EXTI3_IRQHandlerv
                0x08005b14                _Z22OTG_HS_WKUP_IRQHandlerv
                0x08005b14                _Z23DMA1_Stream5_IRQHandlerv
                0x08005b14                _Z14FPU_IRQHandlerv
                0x08005b14                _Z23DMA2_Stream0_IRQHandlerv
                0x08005b14                _Z14PVD_IRQHandlerv
                0x08005b14                _Z23DMA2_Stream2_IRQHandlerv
                0x08005b14                _Z23DMA1_Stream4_IRQHandlerv
                0x08005b14                _Z18I2C1_ER_IRQHandlerv
                0x08005b14                _Z15TIM3_IRQHandlerv
                0x08005b14                _Z23DMA2_Stream4_IRQHandlerv
                0x08005b14                _Z19CAN2_RX0_IRQHandlerv
                0x08005b14                _Z24TIM1_UP_TIM10_IRQHandlerv
                0x08005b14                _Z17OTG_FS_IRQHandlerv
                0x08005b14                _Z18I2C2_EV_IRQHandlerv
                0x08005b14                _Z14ETH_IRQHandlerv
                0x08005b14                _Z15SPI3_IRQHandlerv
                0x08005b14                _Z15TIM4_IRQHandlerv
                0x08005b14                _Z24OTG_HS_EP1_IN_IRQHandlerv
                0x08005b14                _Z18EXTI9_5_IRQHandlerv
                0x08005b14                _Z15TIM7_IRQHandlerv
 .text._Z15program_startupv
                0x08005b18       0x5c miosix/arch/cortexM4_stm32f4/stm32f407vg_stm32f4discovery/core/stage_1_boot.o
                0x08005b18                _Z15program_startupv
 .text._Z13Reset_Handlerv
                0x08005b74       0x24 miosix/arch/cortexM4_stm32f4/stm32f407vg_stm32f4discovery/core/stage_1_boot.o
                0x08005b74                _Z13Reset_Handlerv
 .text._Z8errorLogPKcz
                0x08005b98       0x20 miosix/libmiosix.a(kernel.o)
                0x08005b98                _Z8errorLogPKcz
 .text._ZN6miosix17disableInterruptsEv
                0x08005bb8       0x24 miosix/libmiosix.a(kernel.o)
                0x08005bb8                _ZN6miosix17disableInterruptsEv
 .text._ZN6miosix16enableInterruptsEv
                0x08005bdc       0x28 miosix/libmiosix.a(kernel.o)
                0x08005bdc                _ZN6miosix16enableInterruptsEv
 .text._ZN6miosix11pauseKernelEv
                0x08005c04       0x2c miosix/libmiosix.a(kernel.o)
                0x08005c04                _ZN6miosix11pauseKernelEv
 .text._ZN6miosix13restartKernelEv
                0x08005c30       0x40 miosix/libmiosix.a(kernel.o)
                0x08005c30                _ZN6miosix13restartKernelEv
 .text._ZN6miosix10idleThreadEPv
                0x08005c70       0x2c miosix/libmiosix.a(kernel.o)
                0x08005c70                _ZN6miosix10idleThreadEPv
 .text._ZN6miosix20areInterruptsEnabledEv
                0x08005c9c       0x10 miosix/libmiosix.a(kernel.o)
                0x08005c9c                _ZN6miosix20areInterruptsEnabledEv
 .text._ZN6miosix20IRQaddToSleepingListEPNS_9SleepDataE
                0x08005cac       0x48 miosix/libmiosix.a(kernel.o)
                0x08005cac                _ZN6miosix20IRQaddToSleepingListEPNS_9SleepDataE
 .text._ZN6miosix14IRQwakeThreadsEv
                0x08005cf4       0x64 miosix/libmiosix.a(kernel.o)
                0x08005cf4                _ZN6miosix14IRQwakeThreadsEv
 .text._ZN6miosix6Thread5yieldEv
                0x08005d58        0x8 miosix/libmiosix.a(kernel.o)
                0x08005d58                _ZN6miosix6Thread5yieldEv
 .text._ZN6miosix6Thread5sleepEj
                0x08005d60       0x78 miosix/libmiosix.a(kernel.o)
                0x08005d60                _ZN6miosix6Thread5sleepEj
 .text._ZN6miosix6Thread16getCurrentThreadEv
                0x08005dd8        0xc miosix/libmiosix.a(kernel.o)
                0x08005dd8                _ZN6miosix6Thread16getCurrentThreadEv
 .text._ZN6miosix6Thread11setPriorityENS_25PrioritySchedulerPriorityE
                0x08005de4       0x90 miosix/libmiosix.a(kernel.o)
                0x08005de4                _ZN6miosix6Thread11setPriorityENS_25PrioritySchedulerPriorityE
 .text._ZN6miosix6Thread19IRQgetCurrentThreadEv
                0x08005e74        0xc miosix/libmiosix.a(kernel.o)
                0x08005e74                _ZN6miosix6Thread19IRQgetCurrentThreadEv
 .text._ZN6miosix6Thread14IRQgetPriorityEv
                0x08005e80        0x4 miosix/libmiosix.a(kernel.o)
                0x08005e80                _ZN6miosix6Thread14IRQgetPriorityEv
 .text._ZN6miosix6Thread7IRQwaitEv
                0x08005e84       0x14 miosix/libmiosix.a(kernel.o)
                0x08005e84                _ZN6miosix6Thread7IRQwaitEv
 .text._ZN6miosix6Thread9IRQwakeupEv
                0x08005e98        0xc miosix/libmiosix.a(kernel.o)
                0x08005e98                _ZN6miosix6Thread9IRQwakeupEv
 .text._ZN6miosix6Thread14threadLauncherEPFPvS1_ES1_
                0x08005ea4       0x98 miosix/libmiosix.a(kernel.o)
                0x08005ea4                _ZN6miosix6Thread14threadLauncherEPFPvS1_ES1_
 .text._ZN6miosix6ThreadC2EPjjb
                0x08005f3c       0x8c miosix/libmiosix.a(kernel.o)
                0x08005f3c                _ZN6miosix6ThreadC2EPjjb
                0x08005f3c                _ZN6miosix6ThreadC1EPjjb
 .text._ZN6miosix6ThreadD2Ev
                0x08005fc8       0x50 miosix/libmiosix.a(kernel.o)
                0x08005fc8                _ZN6miosix6ThreadD1Ev
                0x08005fc8                _ZN6miosix6ThreadD2Ev
 .text._ZN6miosix6Thread8doCreateEPFPvS1_EjS1_tb
                0x08006018       0x94 miosix/libmiosix.a(kernel.o)
                0x08006018                _ZN6miosix6Thread8doCreateEPFPvS1_EjS1_tb
 .text._ZN6miosix11startKernelEv
                0x080060ac       0x74 miosix/libmiosix.a(kernel.o)
                0x080060ac                _ZN6miosix11startKernelEv
 .text._ZN6miosix6Thread6createEPFPvS1_EjNS_25PrioritySchedulerPriorityES1_t
                0x08006120       0x64 miosix/libmiosix.a(kernel.o)
                0x08006120                _ZN6miosix6Thread6createEPFPvS1_EjNS_25PrioritySchedulerPriorityES1_t
 .text._ZN6miosix17intrusive_ref_ptrINS_6DeviceEE5resetEv
                0x08006184       0x2c miosix/libmiosix.a(error.o)
                0x08006184                _ZN6miosix17intrusive_ref_ptrINS_6DeviceEE5resetEv
 .text._ZN6miosix12errorHandlerENS_5ErrorE
                0x080061b0      0x3b4 miosix/libmiosix.a(error.o)
                0x080061b0                _ZN6miosix12errorHandlerENS_5ErrorE
 .text.pthread_create
                0x08006564       0x34 miosix/libmiosix.a(pthread.o)
                0x08006564                pthread_create
 .text.pthread_mutexattr_init
                0x08006598        0x8 miosix/libmiosix.a(pthread.o)
                0x08006598                pthread_mutexattr_init
 .text.pthread_mutexattr_destroy
                0x080065a0        0x4 miosix/libmiosix.a(pthread.o)
                0x080065a0                pthread_mutexattr_destroy
 .text.pthread_mutexattr_settype
                0x080065a4       0x14 miosix/libmiosix.a(pthread.o)
                0x080065a4                pthread_mutexattr_settype
 .text.pthread_mutex_init
                0x080065b8       0x24 miosix/libmiosix.a(pthread.o)
                0x080065b8                pthread_mutex_init
 .text.pthread_mutex_destroy
                0x080065dc        0xc miosix/libmiosix.a(pthread.o)
                0x080065dc                pthread_mutex_destroy
 .text.pthread_mutex_lock
                0x080065e8       0x74 miosix/libmiosix.a(pthread.o)
                0x080065e8                pthread_mutex_lock
 .text.pthread_mutex_unlock
                0x0800665c       0x44 miosix/libmiosix.a(pthread.o)
                0x0800665c                pthread_mutex_unlock
 .text.pthread_setcancelstate
                0x080066a0        0x4 miosix/libmiosix.a(pthread.o)
                0x080066a0                pthread_setcancelstate
 .text._Z7bootlogPKcz
                0x080066a4       0x20 miosix/libmiosix.a(stage_2_boot.o)
                0x080066a4                _Z7bootlogPKcz
 .text._ZN6miosix10mainLoaderEPv
                0x080066c4       0xfc miosix/libmiosix.a(stage_2_boot.o)
                0x080066c4                _ZN6miosix10mainLoaderEPv
 .text._init    0x080067c0       0xa4 miosix/libmiosix.a(stage_2_boot.o)
                0x080067c0                _init
 .text._ZN6miosix17PriorityScheduler11PKaddThreadEPNS_6ThreadENS_25PrioritySchedulerPriorityE
                0x08006864       0x28 miosix/libmiosix.a(priority_scheduler.o)
                0x08006864                _ZN6miosix17PriorityScheduler11PKaddThreadEPNS_6ThreadENS_25PrioritySchedulerPriorityE
 .text._ZN6miosix17PriorityScheduler19PKremoveDeadThreadsEv
                0x0800688c       0xa0 miosix/libmiosix.a(priority_scheduler.o)
                0x0800688c                _ZN6miosix17PriorityScheduler19PKremoveDeadThreadsEv
 .text._ZN6miosix17PriorityScheduler13PKsetPriorityEPNS_6ThreadENS_25PrioritySchedulerPriorityE
                0x0800692c       0x90 miosix/libmiosix.a(priority_scheduler.o)
                0x0800692c                _ZN6miosix17PriorityScheduler13PKsetPriorityEPNS_6ThreadENS_25PrioritySchedulerPriorityE
 .text._ZN6miosix17PriorityScheduler16IRQsetIdleThreadEPNS_6ThreadE
                0x080069bc       0x14 miosix/libmiosix.a(priority_scheduler.o)
                0x080069bc                _ZN6miosix17PriorityScheduler16IRQsetIdleThreadEPNS_6ThreadE
 .text._ZN6miosix17PriorityScheduler17IRQfindNextThreadEv
                0x080069d0       0x60 miosix/libmiosix.a(priority_scheduler.o)
                0x080069d0                _ZN6miosix17PriorityScheduler17IRQfindNextThreadEv
 .text._ZN6miosix14TerminalDevice5writeEPKvj
                0x08006a30       0xac miosix/libmiosix.a(console_device.o)
                0x08006a30                _ZN6miosix14TerminalDevice5writeEPKvj
 .text._ZN6miosix14TerminalDevice5lseekExi
                0x08006adc        0xc miosix/libmiosix.a(console_device.o)
                0x08006adc                _ZN6miosix14TerminalDevice5lseekExi
 .text._ZNK6miosix14TerminalDevice6isattyEv
                0x08006ae8        0xc miosix/libmiosix.a(console_device.o)
                0x08006ae8                _ZNK6miosix14TerminalDevice6isattyEv
 .text._ZN6miosix33IntrusiveRefCountedSharedFromThisINS_6DeviceEED2Ev
                0x08006af4        0xc miosix/libmiosix.a(console_device.o)
                0x08006af4                _ZN6miosix33IntrusiveRefCountedSharedFromThisINS_6DeviceEED1Ev
                0x08006af4                _ZN6miosix33IntrusiveRefCountedSharedFromThisINS_6DeviceEED2Ev
 .text._ZN6miosix33IntrusiveRefCountedSharedFromThisINS_6DeviceEED0Ev
                0x08006b00       0x14 miosix/libmiosix.a(console_device.o)
                0x08006b00                _ZN6miosix33IntrusiveRefCountedSharedFromThisINS_6DeviceEED0Ev
 .text._ZNK6miosix14TerminalDevice5fstatEP4stat
                0x08006b14        0x8 miosix/libmiosix.a(console_device.o)
                0x08006b14                _ZNK6miosix14TerminalDevice5fstatEP4stat
 .text._ZN6miosix14TerminalDevice5ioctlEiPv
                0x08006b1c       0x74 miosix/libmiosix.a(console_device.o)
                0x08006b1c                _ZN6miosix14TerminalDevice5ioctlEiPv
 .text._ZN6miosix14DefaultConsoleD2Ev
                0x08006b90       0x30 miosix/libmiosix.a(console_device.o)
                0x08006b90                _ZN6miosix14DefaultConsoleD2Ev
                0x08006b90                _ZN6miosix14DefaultConsoleD1Ev
 .text._ZN6miosix14TerminalDevice8echoBackEPKcS2_j
                0x08006bc0       0x60 miosix/libmiosix.a(console_device.o)
                0x08006bc0                _ZN6miosix14TerminalDevice8echoBackEPKcS2_j
 .text._ZN6miosix14TerminalDevice9normalizeEPcii
                0x08006c20       0xf4 miosix/libmiosix.a(console_device.o)
                0x08006c20                _ZN6miosix14TerminalDevice9normalizeEPcii
 .text._ZN6miosix14TerminalDevice4readEPvj
                0x08006d14       0xac miosix/libmiosix.a(console_device.o)
                0x08006d14                _ZN6miosix14TerminalDevice4readEPvj
 .text._ZN6miosix14DefaultConsoleC2Ev
                0x08006dc0       0x34 miosix/libmiosix.a(console_device.o)
                0x08006dc0                _ZN6miosix14DefaultConsoleC2Ev
                0x08006dc0                _ZN6miosix14DefaultConsoleC1Ev
 .text._ZN6miosix14DefaultConsole8instanceEv
                0x08006df4       0x4c miosix/libmiosix.a(console_device.o)
                0x08006df4                _ZN6miosix14DefaultConsole8instanceEv
 .text._ZN6miosix12atomic_storeINS_6DeviceEEEvPNS_17intrusive_ref_ptrIT_EES4_
                0x08006e40       0x44 miosix/libmiosix.a(console_device.o)
                0x08006e40                _ZN6miosix12atomic_storeINS_6DeviceEEEvPNS_17intrusive_ref_ptrIT_EES4_
 .text._ZN6miosix14TerminalDeviceD2Ev
                0x08006e84       0x58 miosix/libmiosix.a(console_device.o)
                0x08006e84                _ZN6miosix14TerminalDeviceD1Ev
                0x08006e84                _ZN6miosix14TerminalDeviceD2Ev
 .text._ZN6miosix14TerminalDeviceC2ENS_17intrusive_ref_ptrINS_6DeviceEEE
                0x08006edc       0xac miosix/libmiosix.a(console_device.o)
                0x08006edc                _ZN6miosix14TerminalDeviceC2ENS_17intrusive_ref_ptrINS_6DeviceEEE
                0x08006edc                _ZN6miosix14TerminalDeviceC1ENS_17intrusive_ref_ptrINS_6DeviceEEE
 .text._ZN6miosix14DefaultConsole6IRQsetENS_17intrusive_ref_ptrINS_6DeviceEEE
                0x08006f88       0x50 miosix/libmiosix.a(console_device.o)
                0x08006f88                _ZN6miosix14DefaultConsole6IRQsetENS_17intrusive_ref_ptrINS_6DeviceEEE
 .text._ZN6miosix14TerminalDeviceD0Ev
                0x08006fd8       0x5c miosix/libmiosix.a(console_device.o)
                0x08006fd8                _ZN6miosix14TerminalDeviceD0Ev
 .text._ZN6miosix9DevFsFile5writeEPKvj
                0x08007034       0x5c miosix/libmiosix.a(devfs.o)
                0x08007034                _ZN6miosix9DevFsFile5writeEPKvj
 .text._ZN6miosix9DevFsFile4readEPvj
                0x08007090       0x5c miosix/libmiosix.a(devfs.o)
                0x08007090                _ZN6miosix9DevFsFile4readEPvj
 .text._ZN6miosix9DevFsFile5lseekExi
                0x080070ec       0x50 miosix/libmiosix.a(devfs.o)
                0x080070ec                _ZN6miosix9DevFsFile5lseekExi
 .text._ZNK6miosix9DevFsFile6isattyEv
                0x0800713c        0xc miosix/libmiosix.a(devfs.o)
                0x0800713c                _ZNK6miosix9DevFsFile6isattyEv
 .text._ZN6miosix9DevFsFile5ioctlEiPv
                0x08007148        0xc miosix/libmiosix.a(devfs.o)
                0x08007148                _ZN6miosix9DevFsFile5ioctlEiPv
 .text._ZNK6miosix6Device6isattyEv
                0x08007154        0x4 miosix/libmiosix.a(devfs.o)
                0x08007154                _ZNK6miosix6Device6isattyEv
 .text._ZN6miosix6Device10writeBlockEPKvjx
                0x08007158        0x4 miosix/libmiosix.a(devfs.o)
                0x08007158                _ZN6miosix6Device10writeBlockEPKvjx
 .text._ZN6miosix6Device8IRQwriteEPKc
                0x0800715c        0x4 miosix/libmiosix.a(devfs.o)
                0x0800715c                _ZN6miosix6Device8IRQwriteEPKc
 .text._ZN6miosix6Device5ioctlEiPv
                0x08007160        0x8 miosix/libmiosix.a(devfs.o)
                0x08007160                _ZN6miosix6Device5ioctlEiPv
 .text._ZN6miosix6DeviceD2Ev
                0x08007168        0xc miosix/libmiosix.a(devfs.o)
                0x08007168                _ZN6miosix6DeviceD1Ev
                0x08007168                _ZN6miosix6DeviceD2Ev
 .text._ZN6miosix5DevFs5mkdirERNS_10StringPartEi
                0x08007174        0x8 miosix/libmiosix.a(devfs.o)
                0x08007174                _ZN6miosix5DevFs5mkdirERNS_10StringPartEi
 .text._ZN6miosix5DevFs5rmdirERNS_10StringPartE
                0x0800717c        0x8 miosix/libmiosix.a(devfs.o)
                0x0800717c                _ZN6miosix5DevFs5rmdirERNS_10StringPartE
 .text._ZN6miosix6DeviceD0Ev
                0x08007184       0x14 miosix/libmiosix.a(devfs.o)
                0x08007184                _ZN6miosix6DeviceD0Ev
 .text._ZN6miosix6Device9readBlockEPvjx
                0x08007198       0x10 miosix/libmiosix.a(devfs.o)
                0x08007198                _ZN6miosix6Device9readBlockEPvjx
 .text._ZNSt8_Rb_treeIN6miosix10StringPartESt4pairIKS1_NS0_17intrusive_ref_ptrINS0_6DeviceEEEESt10_Select1stIS7_ESt4lessIS1_ESaIS7_EE14_M_lower_boundEPSt13_Rb_tree_nodeIS7_ESG_RS3_.isra.9
                0x080071a8       0x34 miosix/libmiosix.a(devfs.o)
 .text._ZN6miosix14DevFsDirectoryD2Ev
                0x080071dc       0x58 miosix/libmiosix.a(devfs.o)
                0x080071dc                _ZN6miosix14DevFsDirectoryD2Ev
                0x080071dc                _ZN6miosix14DevFsDirectoryD1Ev
 .text._ZN6miosix14DevFsDirectoryD0Ev
                0x08007234       0x5c miosix/libmiosix.a(devfs.o)
                0x08007234                _ZN6miosix14DevFsDirectoryD0Ev
 .text._ZN6miosix9DevFsFileD0Ev
                0x08007290       0x4c miosix/libmiosix.a(devfs.o)
                0x08007290                _ZN6miosix9DevFsFileD0Ev
 .text._ZN6miosix9DevFsFileD2Ev
                0x080072dc       0x48 miosix/libmiosix.a(devfs.o)
                0x080072dc                _ZN6miosix9DevFsFileD1Ev
                0x080072dc                _ZN6miosix9DevFsFileD2Ev
 .text._ZNK6miosix6Device5fstatEP4stat
                0x08007324       0x34 miosix/libmiosix.a(devfs.o)
                0x08007324                _ZNK6miosix6Device5fstatEP4stat
 .text._ZNK6miosix9DevFsFile5fstatEP4stat
                0x08007358        0x8 miosix/libmiosix.a(devfs.o)
                0x08007358                _ZNK6miosix9DevFsFile5fstatEP4stat
 .text._ZNSt4pairIN6miosix10StringPartENS0_17intrusive_ref_ptrINS0_6DeviceEEEED2Ev
                0x08007360       0x40 miosix/libmiosix.a(devfs.o)
                0x08007360                _ZNSt4pairIN6miosix10StringPartENS0_17intrusive_ref_ptrINS0_6DeviceEEEED1Ev
                0x08007360                _ZNSt4pairIN6miosix10StringPartENS0_17intrusive_ref_ptrINS0_6DeviceEEEED2Ev
 .text._ZN6miosix17intrusive_ref_ptrINS_8FileBaseEEaSERKS2_
                0x080073a0       0x48 miosix/libmiosix.a(devfs.o)
                0x080073a0                _ZN6miosix17intrusive_ref_ptrINS_8FileBaseEEaSERKS2_
 .text._ZN6miosix4LockINS_9FastMutexEED2Ev
                0x080073e8       0x10 miosix/libmiosix.a(devfs.o)
                0x080073e8                _ZN6miosix4LockINS_9FastMutexEED1Ev
                0x080073e8                _ZN6miosix4LockINS_9FastMutexEED2Ev
 .text._ZN6miosix17intrusive_ref_ptrINS_14FilesystemBaseEE5resetEv
                0x080073f8       0x2c miosix/libmiosix.a(devfs.o)
                0x080073f8                _ZN6miosix17intrusive_ref_ptrINS_14FilesystemBaseEE5resetEv
 .text._ZN6miosix17intrusive_ref_ptrINS_8FileBaseEE5resetEv
                0x08007424       0x2c miosix/libmiosix.a(devfs.o)
                0x08007424                _ZN6miosix17intrusive_ref_ptrINS_8FileBaseEE5resetEv
 .text._ZN6miosix6Device4openERNS_17intrusive_ref_ptrINS_8FileBaseEEENS1_INS_14FilesystemBaseEEEii
                0x08007450      0x1a0 miosix/libmiosix.a(devfs.o)
                0x08007450                _ZN6miosix6Device4openERNS_17intrusive_ref_ptrINS_8FileBaseEEENS1_INS_14FilesystemBaseEEEii
 .text._ZNSt8_Rb_treeIN6miosix10StringPartESt4pairIKS1_NS0_17intrusive_ref_ptrINS0_6DeviceEEEESt10_Select1stIS7_ESt4lessIS1_ESaIS7_EE4findERS3_
                0x080075f0       0x3c miosix/libmiosix.a(devfs.o)
                0x080075f0                _ZNSt8_Rb_treeIN6miosix10StringPartESt4pairIKS1_NS0_17intrusive_ref_ptrINS0_6DeviceEEEESt10_Select1stIS7_ESt4lessIS1_ESaIS7_EE4findERS3_
 .text._ZN6miosix14DevFsDirectory8getdentsEPvi
                0x0800762c      0x10c miosix/libmiosix.a(devfs.o)
                0x0800762c                _ZN6miosix14DevFsDirectory8getdentsEPvi
 .text._ZN6miosix5DevFs5lstatERNS_10StringPartEP4stat
                0x08007738       0x74 miosix/libmiosix.a(devfs.o)
                0x08007738                _ZN6miosix5DevFs5lstatERNS_10StringPartEP4stat
 .text._ZN6miosix5DevFs4openERNS_17intrusive_ref_ptrINS_8FileBaseEEERNS_10StringPartEii
                0x080077ac      0x2d0 miosix/libmiosix.a(devfs.o)
                0x080077ac                _ZN6miosix5DevFs4openERNS_17intrusive_ref_ptrINS_8FileBaseEEERNS_10StringPartEii
 .text._ZNSt8_Rb_treeIN6miosix10StringPartESt4pairIKS1_NS0_17intrusive_ref_ptrINS0_6DeviceEEEESt10_Select1stIS7_ESt4lessIS1_ESaIS7_EE8_M_eraseEPSt13_Rb_tree_nodeIS7_E
                0x08007a7c       0x68 miosix/libmiosix.a(devfs.o)
                0x08007a7c                _ZNSt8_Rb_treeIN6miosix10StringPartESt4pairIKS1_NS0_17intrusive_ref_ptrINS0_6DeviceEEEESt10_Select1stIS7_ESt4lessIS1_ESaIS7_EE8_M_eraseEPSt13_Rb_tree_nodeIS7_E
 .text._ZN6miosix5DevFsD2Ev
                0x08007ae4       0x30 miosix/libmiosix.a(devfs.o)
                0x08007ae4                _ZN6miosix5DevFsD1Ev
                0x08007ae4                _ZN6miosix5DevFsD2Ev
 .text._ZN6miosix5DevFsD0Ev
                0x08007b14       0x38 miosix/libmiosix.a(devfs.o)
                0x08007b14                _ZN6miosix5DevFsD0Ev
 .text._ZNSt8_Rb_treeIN6miosix10StringPartESt4pairIKS1_NS0_17intrusive_ref_ptrINS0_6DeviceEEEESt10_Select1stIS7_ESt4lessIS1_ESaIS7_EE10_M_insert_IS2_IS1_S6_EEESt17_Rb_tree_iteratorIS7_EPKSt18_Rb_tree_node_baseSK_OT_
                0x08007b4c       0x98 miosix/libmiosix.a(devfs.o)
                0x08007b4c                _ZNSt8_Rb_treeIN6miosix10StringPartESt4pairIKS1_NS0_17intrusive_ref_ptrINS0_6DeviceEEEESt10_Select1stIS7_ESt4lessIS1_ESaIS7_EE10_M_insert_IS2_IS1_S6_EEESt17_Rb_tree_iteratorIS7_EPKSt18_Rb_tree_node_baseSK_OT_
 .text._ZNSt8_Rb_treeIN6miosix10StringPartESt4pairIKS1_NS0_17intrusive_ref_ptrINS0_6DeviceEEEESt10_Select1stIS7_ESt4lessIS1_ESaIS7_EE16_M_insert_uniqueIS2_IS1_S6_EEES2_ISt17_Rb_tree_iteratorIS7_EbEOT_
                0x08007be4       0x9c miosix/libmiosix.a(devfs.o)
                0x08007be4                _ZNSt8_Rb_treeIN6miosix10StringPartESt4pairIKS1_NS0_17intrusive_ref_ptrINS0_6DeviceEEEESt10_Select1stIS7_ESt4lessIS1_ESaIS7_EE16_M_insert_uniqueIS2_IS1_S6_EEES2_ISt17_Rb_tree_iteratorIS7_EbEOT_
 .text._ZN6miosix5DevFs9addDeviceEPKcNS_17intrusive_ref_ptrINS_6DeviceEEE
                0x08007c80      0x108 miosix/libmiosix.a(devfs.o)
                0x08007c80                _ZN6miosix5DevFs9addDeviceEPKcNS_17intrusive_ref_ptrINS_6DeviceEEE
 .text._ZN6miosix5DevFsC2Ev
                0x08007d88      0x128 miosix/libmiosix.a(devfs.o)
                0x08007d88                _ZN6miosix5DevFsC2Ev
                0x08007d88                _ZN6miosix5DevFsC1Ev
 .text._ZNSt8_Rb_treeIN6miosix10StringPartESt4pairIKS1_NS0_17intrusive_ref_ptrINS0_6DeviceEEEESt10_Select1stIS7_ESt4lessIS1_ESaIS7_EE11equal_rangeERS3_
                0x08007eb0       0xa8 miosix/libmiosix.a(devfs.o)
                0x08007eb0                _ZNSt8_Rb_treeIN6miosix10StringPartESt4pairIKS1_NS0_17intrusive_ref_ptrINS0_6DeviceEEEESt10_Select1stIS7_ESt4lessIS1_ESaIS7_EE11equal_rangeERS3_
 .text._ZNSt8_Rb_treeIN6miosix10StringPartESt4pairIKS1_NS0_17intrusive_ref_ptrINS0_6DeviceEEEESt10_Select1stIS7_ESt4lessIS1_ESaIS7_EE12_M_erase_auxESt23_Rb_tree_const_iteratorIS7_E
                0x08007f58       0x58 miosix/libmiosix.a(devfs.o)
                0x08007f58                _ZNSt8_Rb_treeIN6miosix10StringPartESt4pairIKS1_NS0_17intrusive_ref_ptrINS0_6DeviceEEEESt10_Select1stIS7_ESt4lessIS1_ESaIS7_EE12_M_erase_auxESt23_Rb_tree_const_iteratorIS7_E
 .text._ZNSt8_Rb_treeIN6miosix10StringPartESt4pairIKS1_NS0_17intrusive_ref_ptrINS0_6DeviceEEEESt10_Select1stIS7_ESt4lessIS1_ESaIS7_EE5eraseERS3_
                0x08007fb0       0x60 miosix/libmiosix.a(devfs.o)
                0x08007fb0                _ZNSt8_Rb_treeIN6miosix10StringPartESt4pairIKS1_NS0_17intrusive_ref_ptrINS0_6DeviceEEEESt10_Select1stIS7_ESt4lessIS1_ESaIS7_EE5eraseERS3_
 .text._ZN6miosix5DevFs6unlinkERNS_10StringPartE
                0x08008010       0x40 miosix/libmiosix.a(devfs.o)
                0x08008010                _ZN6miosix5DevFs6unlinkERNS_10StringPartE
 .text._ZN6miosix5DevFs6renameERNS_10StringPartES2_
                0x08008050       0xe8 miosix/libmiosix.a(devfs.o)
                0x08008050                _ZN6miosix5DevFs6renameERNS_10StringPartES2_
 .text.__register_exitproc
                0x08008138        0x4 miosix/libmiosix.a(libc_integration.o)
                0x08008138                __register_exitproc
 .text._exit    0x0800813c        0x8 miosix/libmiosix.a(libc_integration.o)
                0x0800813c                _exit
 .text._sbrk_r  0x08008144       0x34 miosix/libmiosix.a(libc_integration.o)
                0x08008144                _sbrk_r
 .text.__malloc_lock
                0x08008178        0x4 miosix/libmiosix.a(libc_integration.o)
                0x08008178                __malloc_lock
 .text.__malloc_unlock
                0x0800817c        0x4 miosix/libmiosix.a(libc_integration.o)
                0x0800817c                __malloc_unlock
 .text.__getreent
                0x08008180        0xc miosix/libmiosix.a(libc_integration.o)
                0x08008180                __getreent
 .text._close_r
                0x0800818c       0x3c miosix/libmiosix.a(libc_integration.o)
                0x0800818c                _close_r
 .text.nanosleep
                0x080081c8       0x5c miosix/libmiosix.a(libc_integration.o)
                0x080081c8                nanosleep
 .text._kill_r  0x08008224       0x10 miosix/libmiosix.a(libc_integration.o)
                0x08008224                _kill_r
 .text._getpid_r
                0x08008234        0x4 miosix/libmiosix.a(libc_integration.o)
                0x08008234                _getpid_r
 .text._ZN6miosix11atomic_loadINS_8FileBaseEEENS_17intrusive_ref_ptrIT_EEPKS4_
                0x08008238       0x34 miosix/libmiosix.a(libc_integration.o)
                0x08008238                _ZN6miosix11atomic_loadINS_8FileBaseEEENS_17intrusive_ref_ptrIT_EEPKS4_
 .text._ioctl_r
                0x0800826c       0x98 miosix/libmiosix.a(libc_integration.o)
                0x0800826c                _ioctl_r
 .text.ioctl    0x08008304       0x20 miosix/libmiosix.a(libc_integration.o)
                0x08008304                ioctl
 .text._isatty_r
                0x08008324       0x90 miosix/libmiosix.a(libc_integration.o)
                0x08008324                _isatty_r
 .text._fstat_r
                0x080083b4       0x9c miosix/libmiosix.a(libc_integration.o)
                0x080083b4                _fstat_r
 .text._lseek_r
                0x08008450       0xac miosix/libmiosix.a(libc_integration.o)
                0x08008450                _lseek_r
 .text._read_r  0x080084fc       0xa8 miosix/libmiosix.a(libc_integration.o)
                0x080084fc                _read_r
 .text._write_r
                0x080085a4       0xa8 miosix/libmiosix.a(libc_integration.o)
                0x080085a4                _write_r
 .text.write    0x0800864c       0x20 miosix/libmiosix.a(libc_integration.o)
                0x0800864c                write
 .text.__cxa_get_globals_fast
                0x0800866c        0xc miosix/libmiosix.a(libstdcpp_integration.o)
                0x0800866c                __cxa_get_globals_fast
 .text.__cxa_get_globals
                0x08008678        0xc miosix/libmiosix.a(libstdcpp_integration.o)
                0x08008678                __cxa_get_globals
 .text._ZN9__gnu_cxx27__verbose_terminate_handlerEv
                0x08008684       0x14 miosix/libmiosix.a(libstdcpp_integration.o)
                0x08008684                _ZN9__gnu_cxx27__verbose_terminate_handlerEv
 .text.__cxa_guard_acquire
                0x08008698       0xc0 miosix/libmiosix.a(libstdcpp_integration.o)
                0x08008698                __cxa_guard_acquire
 .text.__cxa_guard_release
                0x08008758       0x14 miosix/libmiosix.a(libstdcpp_integration.o)
                0x08008758                __cxa_guard_release
 .text.__cxa_guard_abort
                0x0800876c       0x14 miosix/libmiosix.a(libstdcpp_integration.o)
                0x0800876c                __cxa_guard_abort
 .text._ZN6miosix15MemoryProfiling11getHeapSizeEv
                0x08008780       0x14 miosix/libmiosix.a(util.o)
                0x08008780                _ZN6miosix15MemoryProfiling11getHeapSizeEv
 .text._ZN6miosix15MemoryProfiling18getCurrentFreeHeapEv
                0x08008794       0x2c miosix/libmiosix.a(util.o)
                0x08008794                _ZN6miosix15MemoryProfiling18getCurrentFreeHeapEv
 .text._ZN6miosix16getMiosixVersionEv
                0x080087c0        0xc miosix/libmiosix.a(version.o)
                0x080087c0                _ZN6miosix16getMiosixVersionEv
 .text._ZN6miosix8shutdownEv
                0x080087cc       0x1c miosix/libmiosix.a(bsp.o)
                0x080087cc                _ZN6miosix8shutdownEv
 .text._ZN6miosix6rebootEv
                0x080087e8       0x20 miosix/libmiosix.a(bsp.o)
                0x080087e8                _ZN6miosix6rebootEv
 .text._ZN6miosix10IRQbspInitEv
                0x08008808       0xec miosix/libmiosix.a(bsp.o)
                0x08008808                _ZN6miosix10IRQbspInitEv
 .text._ZN6miosix8bspInit2Ev
                0x080088f4       0xc0 miosix/libmiosix.a(bsp.o)
                0x080088f4                _ZN6miosix8bspInit2Ev
 .text._Z17HardFault_Handlerv
                0x080089b4       0x3c miosix/libmiosix.a(interrupts_cortexMx.o)
                0x080089b4                _Z17HardFault_Handlerv
 .text._Z17MemManage_Handlerv
                0x080089f0       0x3c miosix/libmiosix.a(interrupts_cortexMx.o)
                0x080089f0                _Z17MemManage_Handlerv
 .text._Z16BusFault_Handlerv
                0x08008a2c       0x3c miosix/libmiosix.a(interrupts_cortexMx.o)
                0x08008a2c                _Z16BusFault_Handlerv
 .text._Z18UsageFault_Handlerv
                0x08008a68       0x3c miosix/libmiosix.a(interrupts_cortexMx.o)
                0x08008a68                _Z18UsageFault_Handlerv
 .text._Z19unexpectedInterruptv
                0x08008aa4       0x60 miosix/libmiosix.a(interrupts_cortexMx.o)
                0x08008aa4                _Z19unexpectedInterruptv
 .text._ZL16printUnsignedIntj
                0x08008b04       0x88 miosix/libmiosix.a(interrupts_cortexMx.o)
 .text._Z16DebugMon_Handlerv
                0x08008b8c       0x70 miosix/libmiosix.a(interrupts_cortexMx.o)
                0x08008b8c                _Z16DebugMon_Handlerv
 .text._Z14PendSV_Handlerv
                0x08008bfc       0x70 miosix/libmiosix.a(interrupts_cortexMx.o)
                0x08008bfc                _Z14PendSV_Handlerv
 .text._Z11NMI_Handlerv
                0x08008c6c       0x60 miosix/libmiosix.a(interrupts_cortexMx.o)
                0x08008c6c                _Z11NMI_Handlerv
 .text._Z14HardFault_implv
                0x08008ccc      0x138 miosix/libmiosix.a(interrupts_cortexMx.o)
                0x08008ccc                _Z14HardFault_implv
 .text._Z13BusFault_implv
                0x08008e04      0x34c miosix/libmiosix.a(interrupts_cortexMx.o)
                0x08008e04                _Z13BusFault_implv
 .text._Z14MemManage_implv
                0x08009150      0x2d8 miosix/libmiosix.a(interrupts_cortexMx.o)
                0x08009150                _Z14MemManage_implv
 .text._Z15UsageFault_implv
                0x08009428      0x2d0 miosix/libmiosix.a(interrupts_cortexMx.o)
                0x08009428                _Z15UsageFault_implv
 .text._ZN6miosix11STM32Serial8IRQwriteEPKc
                0x080096f8       0x3c miosix/libmiosix.a(serial_stm32.o)
                0x080096f8                _ZN6miosix11STM32Serial8IRQwriteEPKc
 .text._ZN6miosix11STM32Serial5ioctlEiPv
                0x08009734       0x40 miosix/libmiosix.a(serial_stm32.o)
                0x08009734                _ZN6miosix11STM32Serial5ioctlEiPv
 .text._ZN6miosix11STM32Serial9readBlockEPvjx
                0x08009774       0x8c miosix/libmiosix.a(serial_stm32.o)
                0x08009774                _ZN6miosix11STM32Serial9readBlockEPvjx
 .text._Z17USART1_IRQHandlerv
                0x08009800       0x3c miosix/libmiosix.a(serial_stm32.o)
                0x08009800                _Z17USART1_IRQHandlerv
 .text._Z17USART2_IRQHandlerv
                0x0800983c       0x3c miosix/libmiosix.a(serial_stm32.o)
                0x0800983c                _Z17USART2_IRQHandlerv
 .text._Z17USART3_IRQHandlerv
                0x08009878       0x3c miosix/libmiosix.a(serial_stm32.o)
                0x08009878                _Z17USART3_IRQHandlerv
 .text._Z23DMA1_Stream3_IRQHandlerv
                0x080098b4       0x3c miosix/libmiosix.a(serial_stm32.o)
                0x080098b4                _Z23DMA1_Stream3_IRQHandlerv
 .text._Z23DMA1_Stream1_IRQHandlerv
                0x080098f0       0x3c miosix/libmiosix.a(serial_stm32.o)
                0x080098f0                _Z23DMA1_Stream1_IRQHandlerv
 .text._ZN6miosix11STM32SerialC2EiiNS0_8FlowCtrlE
                0x0800992c      0x3f4 miosix/libmiosix.a(serial_stm32.o)
                0x0800992c                _ZN6miosix11STM32SerialC2EiiNS0_8FlowCtrlE
                0x0800992c                _ZN6miosix11STM32SerialC1EiiNS0_8FlowCtrlE
 .text._ZN6miosix11STM32Serial14IRQhandleDMAtxEv
                0x08009d20       0x38 miosix/libmiosix.a(serial_stm32.o)
                0x08009d20                _ZN6miosix11STM32Serial14IRQhandleDMAtxEv
 .text._Z15usart3txDmaImplv
                0x08009d58       0x20 miosix/libmiosix.a(serial_stm32.o)
                0x08009d58                _Z15usart3txDmaImplv
 .text._ZN6miosix11STM32Serial19waitDmaTxCompletionEv
                0x08009d78       0x38 miosix/libmiosix.a(serial_stm32.o)
                0x08009d78                _ZN6miosix11STM32Serial19waitDmaTxCompletionEv
 .text._ZN6miosix11STM32Serial10writeBlockEPKvjx
                0x08009db0      0x10c miosix/libmiosix.a(serial_stm32.o)
                0x08009db0                _ZN6miosix11STM32Serial10writeBlockEPKvjx
 .text._ZN6miosix11STM32Serial10IRQreadDmaEv
                0x08009ebc       0x84 miosix/libmiosix.a(serial_stm32.o)
                0x08009ebc                _ZN6miosix11STM32Serial10IRQreadDmaEv
 .text._ZN6miosix11STM32Serial14IRQhandleDMArxEv
                0x08009f40       0x3c miosix/libmiosix.a(serial_stm32.o)
                0x08009f40                _ZN6miosix11STM32Serial14IRQhandleDMArxEv
 .text._Z15usart3rxDmaImplv
                0x08009f7c       0x10 miosix/libmiosix.a(serial_stm32.o)
                0x08009f7c                _Z15usart3rxDmaImplv
 .text._ZN6miosix11STM32Serial18IRQhandleInterruptEv
                0x08009f8c       0x8c miosix/libmiosix.a(serial_stm32.o)
                0x08009f8c                _ZN6miosix11STM32Serial18IRQhandleInterruptEv
 .text._Z13usart3irqImplv
                0x0800a018       0x10 miosix/libmiosix.a(serial_stm32.o)
                0x0800a018                _Z13usart3irqImplv
 .text._Z13usart2irqImplv
                0x0800a028       0x10 miosix/libmiosix.a(serial_stm32.o)
                0x0800a028                _Z13usart2irqImplv
 .text._Z13usart1irqImplv
                0x0800a038       0x10 miosix/libmiosix.a(serial_stm32.o)
                0x0800a038                _Z13usart1irqImplv
 .text._ZN6miosix11STM32Serial14IRQdmaReadStopEv
                0x0800a048       0x30 miosix/libmiosix.a(serial_stm32.o)
                0x0800a048                _ZN6miosix11STM32Serial14IRQdmaReadStopEv
 .text._ZN6miosix11STM32SerialD2Ev
                0x0800a078      0x110 miosix/libmiosix.a(serial_stm32.o)
                0x0800a078                _ZN6miosix11STM32SerialD1Ev
                0x0800a078                _ZN6miosix11STM32SerialD2Ev
 .text._ZN6miosix11STM32SerialD0Ev
                0x0800a188       0x14 miosix/libmiosix.a(serial_stm32.o)
                0x0800a188                _ZN6miosix11STM32SerialD0Ev
 .text._Z15SysTick_Handlerv
                0x0800a19c       0x3c miosix/libmiosix.a(portability.o)
                0x0800a19c                _Z15SysTick_Handlerv
 .text._Z11SVC_Handlerv
                0x0800a1d8       0x3c miosix/libmiosix.a(portability.o)
                0x0800a1d8                _Z11SVC_Handlerv
 .text._ZN14miosix_private21IRQstackOverflowCheckEv
                0x0800a214       0x3c miosix/libmiosix.a(portability.o)
                0x0800a214                _ZN14miosix_private21IRQstackOverflowCheckEv
 .text._ZN14miosix_private9ISR_yieldEv
                0x0800a250       0x10 miosix/libmiosix.a(portability.o)
                0x0800a250                _ZN14miosix_private9ISR_yieldEv
 .text._ZN14miosix_private11ISR_preemptEv
                0x0800a260       0x24 miosix/libmiosix.a(portability.o)
                0x0800a260                _ZN14miosix_private11ISR_preemptEv
 .text._ZN14miosix_private15IRQsystemRebootEv
                0x0800a284       0x24 miosix/libmiosix.a(portability.o)
                0x0800a284                _ZN14miosix_private15IRQsystemRebootEv
 .text._ZN14miosix_private11initCtxsaveEPjPFPvS1_ES0_S1_
                0x0800a2a8       0x44 miosix/libmiosix.a(portability.o)
                0x0800a2a8                _ZN14miosix_private11initCtxsaveEPjPFPvS1_ES0_S1_
 .text._ZN14miosix_private22IRQportableStartKernelEv
                0x0800a2ec       0x7c miosix/libmiosix.a(portability.o)
                0x0800a2ec                _ZN14miosix_private22IRQportableStartKernelEv
 .text._ZN6miosix7delayMsEj
                0x0800a368       0x20 miosix/libmiosix.a(delays.o)
                0x0800a368                _ZN6miosix7delayMsEj
 .text._ZN6miosix7delayUsEj
                0x0800a388       0x18 miosix/libmiosix.a(delays.o)
                0x0800a388                _ZN6miosix7delayUsEj
 .text._ZN6miosix8GpioBase8modeImplEjhNS_4Mode5Mode_E
                0x0800a3a0       0x54 miosix/libmiosix.a(gpio_impl.o)
                0x0800a3a0                _ZN6miosix8GpioBase8modeImplEjhNS_4Mode5Mode_E
 .text._ZN6miosix8GpioBase6afImplEjhh
                0x0800a3f4       0x48 miosix/libmiosix.a(gpio_impl.o)
                0x0800a3f4                _ZN6miosix8GpioBase6afImplEjhh
 .text._ZN6miosix17intrusive_ref_ptrINS_10SDIODriverEED2Ev
                0x0800a43c       0x30 miosix/libmiosix.a(sd_stm32f2_f4.o)
                0x0800a43c                _ZN6miosix17intrusive_ref_ptrINS_10SDIODriverEED2Ev
                0x0800a43c                _ZN6miosix17intrusive_ref_ptrINS_10SDIODriverEED1Ev
 .text._ZN6miosix9FastMutexD2Ev
                0x0800a46c        0xc miosix/libmiosix.a(sd_stm32f2_f4.o)
                0x0800a46c                _ZN6miosix9FastMutexD2Ev
                0x0800a46c                _ZN6miosix9FastMutexD1Ev
 .text._ZN6miosixL22dmaTransferCommonSetupEPKh
                0x0800a478       0x4c miosix/libmiosix.a(sd_stm32f2_f4.o)
 .text._ZN6miosix10SDIODriverD2Ev
                0x0800a4c4       0x28 miosix/libmiosix.a(sd_stm32f2_f4.o)
                0x0800a4c4                _ZN6miosix10SDIODriverD1Ev
                0x0800a4c4                _ZN6miosix10SDIODriverD2Ev
 .text._ZN6miosix10SDIODriverD0Ev
                0x0800a4ec       0x2c miosix/libmiosix.a(sd_stm32f2_f4.o)
                0x0800a4ec                _ZN6miosix10SDIODriverD0Ev
 .text._Z23DMA2_Stream3_IRQHandlerv
                0x0800a518       0x3c miosix/libmiosix.a(sd_stm32f2_f4.o)
                0x0800a518                _Z23DMA2_Stream3_IRQHandlerv
 .text._Z15SDIO_IRQHandlerv
                0x0800a554       0x3c miosix/libmiosix.a(sd_stm32f2_f4.o)
                0x0800a554                _Z15SDIO_IRQHandlerv
 .text._ZN6miosix18DMA2stream3irqImplEv
                0x0800a590       0x5c miosix/libmiosix.a(sd_stm32f2_f4.o)
                0x0800a590                _ZN6miosix18DMA2stream3irqImplEv
 .text._ZN6miosix11SDIOirqImplEv
                0x0800a5ec       0x5c miosix/libmiosix.a(sd_stm32f2_f4.o)
                0x0800a5ec                _ZN6miosix11SDIOirqImplEv
 .text._ZN6miosix15BufferConverter13toWordAlignedEPKh
                0x0800a648       0x40 miosix/libmiosix.a(sd_stm32f2_f4.o)
                0x0800a648                _ZN6miosix15BufferConverter13toWordAlignedEPKh
 .text._ZN6miosix15BufferConverter24toWordAlignedWithoutCopyEPh
                0x0800a688       0x30 miosix/libmiosix.a(sd_stm32f2_f4.o)
                0x0800a688                _ZN6miosix15BufferConverter24toWordAlignedWithoutCopyEPh
 .text._ZN6miosix15BufferConverter16toOriginalBufferEv
                0x0800a6b8       0x1c miosix/libmiosix.a(sd_stm32f2_f4.o)
                0x0800a6b8                _ZN6miosix15BufferConverter16toOriginalBufferEv
 .text._ZN6miosix9CmdResult18validateR1ResponseEv
                0x0800a6d4       0x20 miosix/libmiosix.a(sd_stm32f2_f4.o)
                0x0800a6d4                _ZN6miosix9CmdResult18validateR1ResponseEv
 .text._ZN6miosix7Command4sendENS0_11CommandTypeEj
                0x0800a6f4      0x140 miosix/libmiosix.a(sd_stm32f2_f4.o)
                0x0800a6f4                _ZN6miosix7Command4sendENS0_11CommandTypeEj
 .text._ZN6miosixL16waitForCardReadyEv
                0x0800a834       0x48 miosix/libmiosix.a(sd_stm32f2_f4.o)
 .text._ZN6miosix15ClockController19calibrateClockSpeedEPNS_10SDIODriverE
                0x0800a87c       0xf8 miosix/libmiosix.a(sd_stm32f2_f4.o)
                0x0800a87c                _ZN6miosix15ClockController19calibrateClockSpeedEPNS_10SDIODriverE
 .text._ZN6miosix15ClockController16reduceClockSpeedEv
                0x0800a974       0x54 miosix/libmiosix.a(sd_stm32f2_f4.o)
                0x0800a974                _ZN6miosix15ClockController16reduceClockSpeedEv
 .text._ZN6miosixL18multipleBlockWriteEPKhjj
                0x0800a9c8      0x164 miosix/libmiosix.a(sd_stm32f2_f4.o)
 .text._ZN6miosixL17multipleBlockReadEPhjj
                0x0800ab2c      0x14c miosix/libmiosix.a(sd_stm32f2_f4.o)
 .text._ZN6miosix12CardSelectorD2Ev
                0x0800ac78       0x18 miosix/libmiosix.a(sd_stm32f2_f4.o)
                0x0800ac78                _ZN6miosix12CardSelectorD1Ev
                0x0800ac78                _ZN6miosix12CardSelectorD2Ev
 .text._ZN6miosix10SDIODriverC2Ev
                0x0800ac90      0x2a0 miosix/libmiosix.a(sd_stm32f2_f4.o)
                0x0800ac90                _ZN6miosix10SDIODriverC1Ev
                0x0800ac90                _ZN6miosix10SDIODriverC2Ev
 .text._ZN6miosix10SDIODriver5ioctlEiPv
                0x0800af30       0x40 miosix/libmiosix.a(sd_stm32f2_f4.o)
                0x0800af30                _ZN6miosix10SDIODriver5ioctlEiPv
 .text._ZN6miosix10SDIODriver10writeBlockEPKvjx
                0x0800af70      0x120 miosix/libmiosix.a(sd_stm32f2_f4.o)
                0x0800af70                _ZN6miosix10SDIODriver10writeBlockEPKvjx
 .text._ZN6miosix10SDIODriver9readBlockEPvjx
                0x0800b090      0x124 miosix/libmiosix.a(sd_stm32f2_f4.o)
                0x0800b090                _ZN6miosix10SDIODriver9readBlockEPvjx
 .text._ZN6miosix10SDIODriver8instanceEv
                0x0800b1b4      0x130 miosix/libmiosix.a(sd_stm32f2_f4.o)
                0x0800b1b4                _ZN6miosix10SDIODriver8instanceEv
 .text.SystemInit
                0x0800b2e4      0x128 miosix/libmiosix.a(system_stm32f4xx.o)
                0x0800b2e4                SystemInit
 .text.unlikely._ZN9__gnu_cxxL18__exchange_and_addEPVii.constprop.42
                0x0800b40c       0x1c miosix/libmiosix.a(file_access.o)
 .text._ZN6miosix12ResolvedPathD2Ev
                0x0800b428       0x30 miosix/libmiosix.a(file_access.o)
                0x0800b428                _ZN6miosix12ResolvedPathD2Ev
                0x0800b428                _ZN6miosix12ResolvedPathD1Ev
 .text._ZN6miosix17FilesystemManager8instanceEv
                0x0800b458       0x78 miosix/libmiosix.a(file_access.o)
                0x0800b458                _ZN6miosix17FilesystemManager8instanceEv
 .text._ZNSt4pairIN6miosix10StringPartENS0_17intrusive_ref_ptrINS0_14FilesystemBaseEEEED2Ev
                0x0800b4d0       0x40 miosix/libmiosix.a(file_access.o)
                0x0800b4d0                _ZNSt4pairIN6miosix10StringPartENS0_17intrusive_ref_ptrINS0_14FilesystemBaseEEEED1Ev
                0x0800b4d0                _ZNSt4pairIN6miosix10StringPartENS0_17intrusive_ref_ptrINS0_14FilesystemBaseEEEED2Ev
 .text._ZN6miosix17FilesystemManager15getFilesystemIdEv
                0x0800b510       0x18 miosix/libmiosix.a(file_access.o)
                0x0800b510                _ZN6miosix17FilesystemManager15getFilesystemIdEv
 .text._ZN6miosix12atomic_storeINS_5DevFsEEEvPNS_17intrusive_ref_ptrIT_EES4_
                0x0800b528       0x44 miosix/libmiosix.a(file_access.o)
                0x0800b528                _ZN6miosix12atomic_storeINS_5DevFsEEEvPNS_17intrusive_ref_ptrIT_EES4_
 .text._ZN6miosix15atomic_exchangeINS_8FileBaseEEENS_17intrusive_ref_ptrIT_EEPS4_S4_
                0x0800b56c       0x30 miosix/libmiosix.a(file_access.o)
                0x0800b56c                _ZN6miosix15atomic_exchangeINS_8FileBaseEEENS_17intrusive_ref_ptrIT_EEPS4_S4_
 .text._ZN6miosix17intrusive_ref_ptrINS_14FilesystemBaseEEaSERKS2_
                0x0800b59c       0x48 miosix/libmiosix.a(file_access.o)
                0x0800b59c                _ZN6miosix17intrusive_ref_ptrINS_14FilesystemBaseEEaSERKS2_
 .text._ZN6miosix14PathResolution13followSymlinkERSs
                0x0800b5e4      0x210 miosix/libmiosix.a(file_access.o)
                0x0800b5e4                _ZN6miosix14PathResolution13followSymlinkERSs
 .text._ZN6miosix14PathResolutionD2Ev
                0x0800b7f4       0x60 miosix/libmiosix.a(file_access.o)
                0x0800b7f4                _ZN6miosix14PathResolutionD2Ev
                0x0800b7f4                _ZN6miosix14PathResolutionD1Ev
 .text._ZN6miosix19FileDescriptorTable8closeAllEv
                0x0800b854       0x74 miosix/libmiosix.a(file_access.o)
                0x0800b854                _ZN6miosix19FileDescriptorTable8closeAllEv
 .text._ZN6miosix19FileDescriptorTable5closeEi
                0x0800b8c8       0xb0 miosix/libmiosix.a(file_access.o)
                0x0800b8c8                _ZN6miosix19FileDescriptorTable5closeEi
 .text._ZN6miosix19FileDescriptorTableD2Ev
                0x0800b978       0xa4 miosix/libmiosix.a(file_access.o)
                0x0800b978                _ZN6miosix19FileDescriptorTableD1Ev
                0x0800b978                _ZN6miosix19FileDescriptorTableD2Ev
 .text._ZN6miosix17intrusive_ref_ptrINS_5DevFsEE5resetEv
                0x0800ba1c       0x2c miosix/libmiosix.a(file_access.o)
                0x0800ba1c                _ZN6miosix17intrusive_ref_ptrINS_5DevFsEE5resetEv
 .text._ZNSt8_Rb_treeIN6miosix10StringPartESt4pairIKS1_NS0_17intrusive_ref_ptrINS0_14FilesystemBaseEEEESt10_Select1stIS7_ESt4lessIS1_ESaIS7_EE8_M_eraseEPSt13_Rb_tree_nodeIS7_E
                0x0800ba48       0x68 miosix/libmiosix.a(file_access.o)
                0x0800ba48                _ZNSt8_Rb_treeIN6miosix10StringPartESt4pairIKS1_NS0_17intrusive_ref_ptrINS0_14FilesystemBaseEEEESt10_Select1stIS7_ESt4lessIS1_ESaIS7_EE8_M_eraseEPSt13_Rb_tree_nodeIS7_E
 .text._ZN6miosix17FilesystemManagerD2Ev
                0x0800bab0       0x54 miosix/libmiosix.a(file_access.o)
                0x0800bab0                _ZN6miosix17FilesystemManagerD1Ev
                0x0800bab0                _ZN6miosix17FilesystemManagerD2Ev
 .text._ZN6miosix19FileDescriptorTableC2Ev
                0x0800bb04      0x144 miosix/libmiosix.a(file_access.o)
                0x0800bb04                _ZN6miosix19FileDescriptorTableC2Ev
                0x0800bb04                _ZN6miosix19FileDescriptorTableC1Ev
 .text._ZN6miosix22getFileDescriptorTableEv
                0x0800bc48       0x58 miosix/libmiosix.a(file_access.o)
                0x0800bc48                _ZN6miosix22getFileDescriptorTableEv
 .text._ZN6miosix17FilesystemManager9umountAllEv
                0x0800bca0       0x40 miosix/libmiosix.a(file_access.o)
                0x0800bca0                _ZN6miosix17FilesystemManager9umountAllEv
 .text._ZNKSt8_Rb_treeIN6miosix10StringPartESt4pairIKS1_NS0_17intrusive_ref_ptrINS0_14FilesystemBaseEEEESt10_Select1stIS7_ESt4lessIS1_ESaIS7_EE4findERS3_
                0x0800bce0       0x64 miosix/libmiosix.a(file_access.o)
                0x0800bce0                _ZNKSt8_Rb_treeIN6miosix10StringPartESt4pairIKS1_NS0_17intrusive_ref_ptrINS0_14FilesystemBaseEEEESt10_Select1stIS7_ESt4lessIS1_ESaIS7_EE4findERS3_
 .text._ZN6miosix14PathResolution15recursiveFindFsERSs
                0x0800bd44       0x94 miosix/libmiosix.a(file_access.o)
                0x0800bd44                _ZN6miosix14PathResolution15recursiveFindFsERSs
 .text._ZN6miosix14PathResolution15upPathComponentERSsj
                0x0800bdd8       0x98 miosix/libmiosix.a(file_access.o)
                0x0800bdd8                _ZN6miosix14PathResolution15upPathComponentERSsj
 .text._ZN6miosix14PathResolution19normalPathComponentERSsb
                0x0800be70       0xe4 miosix/libmiosix.a(file_access.o)
                0x0800be70                _ZN6miosix14PathResolution19normalPathComponentERSsb
 .text._ZN6miosix14PathResolution11resolvePathERSsb
                0x0800bf54      0x220 miosix/libmiosix.a(file_access.o)
                0x0800bf54                _ZN6miosix14PathResolution11resolvePathERSsb
 .text._ZN6miosix17FilesystemManager11resolvePathERSsb
                0x0800c174       0xec miosix/libmiosix.a(file_access.o)
                0x0800c174                _ZN6miosix17FilesystemManager11resolvePathERSsb
 .text._ZN6miosix17FilesystemManager10statHelperERSsP4statb
                0x0800c260       0x78 miosix/libmiosix.a(file_access.o)
                0x0800c260                _ZN6miosix17FilesystemManager10statHelperERSsP4statb
 .text._ZNSt8_Rb_treeIN6miosix10StringPartESt4pairIKS1_NS0_17intrusive_ref_ptrINS0_14FilesystemBaseEEEESt10_Select1stIS7_ESt4lessIS1_ESaIS7_EE10_M_insert_IS2_IS1_S6_EEESt17_Rb_tree_iteratorIS7_EPKSt18_Rb_tree_node_baseSK_OT_
                0x0800c2d8       0x98 miosix/libmiosix.a(file_access.o)
                0x0800c2d8                _ZNSt8_Rb_treeIN6miosix10StringPartESt4pairIKS1_NS0_17intrusive_ref_ptrINS0_14FilesystemBaseEEEESt10_Select1stIS7_ESt4lessIS1_ESaIS7_EE10_M_insert_IS2_IS1_S6_EEESt17_Rb_tree_iteratorIS7_EPKSt18_Rb_tree_node_baseSK_OT_
 .text._ZNSt8_Rb_treeIN6miosix10StringPartESt4pairIKS1_NS0_17intrusive_ref_ptrINS0_14FilesystemBaseEEEESt10_Select1stIS7_ESt4lessIS1_ESaIS7_EE16_M_insert_uniqueIS2_IS1_S6_EEES2_ISt17_Rb_tree_iteratorIS7_EbEOT_
                0x0800c370       0x9c miosix/libmiosix.a(file_access.o)
                0x0800c370                _ZNSt8_Rb_treeIN6miosix10StringPartESt4pairIKS1_NS0_17intrusive_ref_ptrINS0_14FilesystemBaseEEEESt10_Select1stIS7_ESt4lessIS1_ESaIS7_EE16_M_insert_uniqueIS2_IS1_S6_EEES2_ISt17_Rb_tree_iteratorIS7_EbEOT_
 .text._ZN6miosix17FilesystemManager6kmountEPKcNS_17intrusive_ref_ptrINS_14FilesystemBaseEEE
                0x0800c40c      0x1c8 miosix/libmiosix.a(file_access.o)
                0x0800c40c                _ZN6miosix17FilesystemManager6kmountEPKcNS_17intrusive_ref_ptrINS_14FilesystemBaseEEE
 .text._ZN6miosix20basicFilesystemSetupENS_17intrusive_ref_ptrINS_6DeviceEEE
                0x0800c5d4      0x4ac miosix/libmiosix.a(file_access.o)
                0x0800c5d4                _ZN6miosix20basicFilesystemSetupENS_17intrusive_ref_ptrINS_6DeviceEEE
 .text._ZNK6miosix8FileBase6isattyEv
                0x0800ca80        0x4 miosix/libmiosix.a(file.o)
                0x0800ca80                _ZNK6miosix8FileBase6isattyEv
 .text._ZN6miosix8FileBase5fcntlEii
                0x0800ca84       0x10 miosix/libmiosix.a(file.o)
                0x0800ca84                _ZN6miosix8FileBase5fcntlEii
 .text._ZN6miosix8FileBase5ioctlEiPv
                0x0800ca94        0x8 miosix/libmiosix.a(file.o)
                0x0800ca94                _ZN6miosix8FileBase5ioctlEiPv
 .text._ZN6miosix8FileBase8getdentsEPvi
                0x0800ca9c        0x8 miosix/libmiosix.a(file.o)
                0x0800ca9c                _ZN6miosix8FileBase8getdentsEPvi
 .text._ZN6miosix13DirectoryBase5writeEPKvj
                0x0800caa4        0x8 miosix/libmiosix.a(file.o)
                0x0800caa4                _ZN6miosix13DirectoryBase5writeEPKvj
 .text._ZN6miosix13DirectoryBase4readEPvj
                0x0800caac        0x8 miosix/libmiosix.a(file.o)
                0x0800caac                _ZN6miosix13DirectoryBase4readEPvj
 .text._ZN6miosix13DirectoryBase5lseekExi
                0x0800cab4        0xc miosix/libmiosix.a(file.o)
                0x0800cab4                _ZN6miosix13DirectoryBase5lseekExi
 .text._ZNK6miosix13DirectoryBase5fstatEP4stat
                0x0800cac0        0x8 miosix/libmiosix.a(file.o)
                0x0800cac0                _ZNK6miosix13DirectoryBase5fstatEP4stat
 .text._ZN6miosix14FilesystemBase8readlinkERNS_10StringPartERSs
                0x0800cac8        0x8 miosix/libmiosix.a(file.o)
                0x0800cac8                _ZN6miosix14FilesystemBase8readlinkERNS_10StringPartERSs
 .text._ZNK6miosix14FilesystemBase16supportsSymlinksEv
                0x0800cad0        0x4 miosix/libmiosix.a(file.o)
                0x0800cad0                _ZNK6miosix14FilesystemBase16supportsSymlinksEv
 .text._ZN6miosix14FilesystemBaseD2Ev
                0x0800cad4        0xc miosix/libmiosix.a(file.o)
                0x0800cad4                _ZN6miosix14FilesystemBaseD1Ev
                0x0800cad4                _ZN6miosix14FilesystemBaseD2Ev
 .text._ZN6miosix33IntrusiveRefCountedSharedFromThisINS_14FilesystemBaseEED2Ev
                0x0800cae0        0xc miosix/libmiosix.a(file.o)
                0x0800cae0                _ZN6miosix33IntrusiveRefCountedSharedFromThisINS_14FilesystemBaseEED2Ev
                0x0800cae0                _ZN6miosix33IntrusiveRefCountedSharedFromThisINS_14FilesystemBaseEED1Ev
 .text._ZN6miosix33IntrusiveRefCountedSharedFromThisINS_14FilesystemBaseEED0Ev
                0x0800caec       0x14 miosix/libmiosix.a(file.o)
                0x0800caec                _ZN6miosix33IntrusiveRefCountedSharedFromThisINS_14FilesystemBaseEED0Ev
 .text._ZN6miosix14FilesystemBaseD0Ev
                0x0800cb00       0x14 miosix/libmiosix.a(file.o)
                0x0800cb00                _ZN6miosix14FilesystemBaseD0Ev
 .text._ZN6miosix8FileBaseC2ENS_17intrusive_ref_ptrINS_14FilesystemBaseEEE
                0x0800cb14       0x3c miosix/libmiosix.a(file.o)
                0x0800cb14                _ZN6miosix8FileBaseC2ENS_17intrusive_ref_ptrINS_14FilesystemBaseEEE
                0x0800cb14                _ZN6miosix8FileBaseC1ENS_17intrusive_ref_ptrINS_14FilesystemBaseEEE
 .text._ZN6miosix13DirectoryBase8addEntryEPPcS1_icRKNS_10StringPartE
                0x0800cb50       0x4c miosix/libmiosix.a(file.o)
                0x0800cb50                _ZN6miosix13DirectoryBase8addEntryEPPcS1_icRKNS_10StringPartE
 .text._ZN6miosix13DirectoryBase17addDefaultEntriesEPPcii
                0x0800cb9c       0x64 miosix/libmiosix.a(file.o)
                0x0800cb9c                _ZN6miosix13DirectoryBase17addDefaultEntriesEPPcii
 .text._ZN6miosix13DirectoryBase19addTerminatingEntryEPPcS1_
                0x0800cc00       0x24 miosix/libmiosix.a(file.o)
                0x0800cc00                _ZN6miosix13DirectoryBase19addTerminatingEntryEPPcS1_
 .text._ZN6miosix14FilesystemBaseC2Ev
                0x0800cc24       0x30 miosix/libmiosix.a(file.o)
                0x0800cc24                _ZN6miosix14FilesystemBaseC1Ev
                0x0800cc24                _ZN6miosix14FilesystemBaseC2Ev
 .text._ZN6miosix14FilesystemBase13fileCloseHookEv
                0x0800cc54       0x30 miosix/libmiosix.a(file.o)
                0x0800cc54                _ZN6miosix14FilesystemBase13fileCloseHookEv
 .text._ZN6miosix8FileBaseD2Ev
                0x0800cc84       0x68 miosix/libmiosix.a(file.o)
                0x0800cc84                _ZN6miosix8FileBaseD1Ev
                0x0800cc84                _ZN6miosix8FileBaseD2Ev
 .text._ZN6miosix8FileBaseD0Ev
                0x0800ccec       0x14 miosix/libmiosix.a(file.o)
                0x0800ccec                _ZN6miosix8FileBaseD0Ev
 .text._ZN6miosix13DirectoryBaseD2Ev
                0x0800cd00       0x14 miosix/libmiosix.a(file.o)
                0x0800cd00                _ZN6miosix13DirectoryBaseD2Ev
                0x0800cd00                _ZN6miosix13DirectoryBaseD1Ev
 .text._ZN6miosix13DirectoryBaseD0Ev
                0x0800cd14       0x1c miosix/libmiosix.a(file.o)
                0x0800cd14                _ZN6miosix13DirectoryBaseD0Ev
 .text._ZN6miosix10StringPartC2ERSsjj
                0x0800cd30       0x78 miosix/libmiosix.a(stringpart.o)
                0x0800cd30                _ZN6miosix10StringPartC1ERSsjj
                0x0800cd30                _ZN6miosix10StringPartC2ERSsjj
 .text._ZN6miosix10StringPartC2EPcjj
                0x0800cda8       0x64 miosix/libmiosix.a(stringpart.o)
                0x0800cda8                _ZN6miosix10StringPartC1EPcjj
                0x0800cda8                _ZN6miosix10StringPartC2EPcjj
 .text._ZN6miosix10StringPartC2EPKc
                0x0800ce0c       0x38 miosix/libmiosix.a(stringpart.o)
                0x0800ce0c                _ZN6miosix10StringPartC2EPKc
                0x0800ce0c                _ZN6miosix10StringPartC1EPKc
 .text._ZNK6miosix10StringPart5c_strEv
                0x0800ce44       0x20 miosix/libmiosix.a(stringpart.o)
                0x0800ce44                _ZNK6miosix10StringPart5c_strEv
 .text._ZNK6miosix10StringPart10findLastOfEc
                0x0800ce64       0x24 miosix/libmiosix.a(stringpart.o)
                0x0800ce64                _ZNK6miosix10StringPart10findLastOfEc
 .text._ZNK6miosix10StringPartixEj
                0x0800ce88       0x38 miosix/libmiosix.a(stringpart.o)
                0x0800ce88                _ZNK6miosix10StringPartixEj
 .text._ZN6miosix10StringPart5clearEv
                0x0800cec0       0xa4 miosix/libmiosix.a(stringpart.o)
                0x0800cec0                _ZN6miosix10StringPart5clearEv
 .text._ZN6miosix10StringPart6assignERKS0_
                0x0800cf64       0x38 miosix/libmiosix.a(stringpart.o)
                0x0800cf64                _ZN6miosix10StringPart6assignERKS0_
 .text._ZN6miosix10StringPartC2ERKS0_
                0x0800cf9c       0x28 miosix/libmiosix.a(stringpart.o)
                0x0800cf9c                _ZN6miosix10StringPartC2ERKS0_
                0x0800cf9c                _ZN6miosix10StringPartC1ERKS0_
 .text._ZN6miosix10StringPartC2ERS0_jj
                0x0800cfc4       0xe4 miosix/libmiosix.a(stringpart.o)
                0x0800cfc4                _ZN6miosix10StringPartC2ERS0_jj
                0x0800cfc4                _ZN6miosix10StringPartC1ERS0_jj
 .text._ZN6miosix12MountpointFs6unlinkERNS_10StringPartE
                0x0800d0a8        0x8 miosix/libmiosix.a(mountpointfs.o)
                0x0800d0a8                _ZN6miosix12MountpointFs6unlinkERNS_10StringPartE
 .text._ZNSt8_Rb_treeIN6miosix10StringPartESt4pairIKS1_iESt10_Select1stIS4_ESt4lessIS1_ESaIS4_EE14_M_lower_boundEPSt13_Rb_tree_nodeIS4_ESD_RS3_.isra.11
                0x0800d0b0       0x34 miosix/libmiosix.a(mountpointfs.o)
 .text._ZN6miosix21MountpointFsDirectoryD2Ev
                0x0800d0e4       0x58 miosix/libmiosix.a(mountpointfs.o)
                0x0800d0e4                _ZN6miosix21MountpointFsDirectoryD2Ev
                0x0800d0e4                _ZN6miosix21MountpointFsDirectoryD1Ev
 .text._ZN6miosix21MountpointFsDirectoryD0Ev
                0x0800d13c       0x5c miosix/libmiosix.a(mountpointfs.o)
                0x0800d13c                _ZN6miosix21MountpointFsDirectoryD0Ev
 .text._ZNSt8_Rb_treeIN6miosix10StringPartESt4pairIKS1_iESt10_Select1stIS4_ESt4lessIS1_ESaIS4_EE8_M_eraseEPSt13_Rb_tree_nodeIS4_E
                0x0800d198       0x28 miosix/libmiosix.a(mountpointfs.o)
                0x0800d198                _ZNSt8_Rb_treeIN6miosix10StringPartESt4pairIKS1_iESt10_Select1stIS4_ESt4lessIS1_ESaIS4_EE8_M_eraseEPSt13_Rb_tree_nodeIS4_E
 .text._ZN6miosix12MountpointFsD2Ev
                0x0800d1c0       0x30 miosix/libmiosix.a(mountpointfs.o)
                0x0800d1c0                _ZN6miosix12MountpointFsD2Ev
                0x0800d1c0                _ZN6miosix12MountpointFsD1Ev
 .text._ZN6miosix12MountpointFsD0Ev
                0x0800d1f0       0x38 miosix/libmiosix.a(mountpointfs.o)
                0x0800d1f0                _ZN6miosix12MountpointFsD0Ev
 .text._ZNSt8_Rb_treeIN6miosix10StringPartESt4pairIKS1_iESt10_Select1stIS4_ESt4lessIS1_ESaIS4_EE4findERS3_
                0x0800d228       0x3c miosix/libmiosix.a(mountpointfs.o)
                0x0800d228                _ZNSt8_Rb_treeIN6miosix10StringPartESt4pairIKS1_iESt10_Select1stIS4_ESt4lessIS1_ESaIS4_EE4findERS3_
 .text._ZN6miosix21MountpointFsDirectory8getdentsEPvi
                0x0800d264       0xfc miosix/libmiosix.a(mountpointfs.o)
                0x0800d264                _ZN6miosix21MountpointFsDirectory8getdentsEPvi
 .text._ZN6miosix12MountpointFs5lstatERNS_10StringPartEP4stat
                0x0800d360       0x84 miosix/libmiosix.a(mountpointfs.o)
                0x0800d360                _ZN6miosix12MountpointFs5lstatERNS_10StringPartEP4stat
 .text._ZN6miosix12MountpointFs4openERNS_17intrusive_ref_ptrINS_8FileBaseEEERNS_10StringPartEii
                0x0800d3e4      0x294 miosix/libmiosix.a(mountpointfs.o)
                0x0800d3e4                _ZN6miosix12MountpointFs4openERNS_17intrusive_ref_ptrINS_8FileBaseEEERNS_10StringPartEii
 .text._ZNSt8_Rb_treeIN6miosix10StringPartESt4pairIKS1_iESt10_Select1stIS4_ESt4lessIS1_ESaIS4_EE12_M_erase_auxESt23_Rb_tree_const_iteratorIS4_E
                0x0800d678       0x24 miosix/libmiosix.a(mountpointfs.o)
                0x0800d678                _ZNSt8_Rb_treeIN6miosix10StringPartESt4pairIKS1_iESt10_Select1stIS4_ESt4lessIS1_ESaIS4_EE12_M_erase_auxESt23_Rb_tree_const_iteratorIS4_E
 .text._ZNSt8_Rb_treeIN6miosix10StringPartESt4pairIKS1_iESt10_Select1stIS4_ESt4lessIS1_ESaIS4_EE10_M_insert_IS2_IS1_iEEESt17_Rb_tree_iteratorIS4_EPKSt18_Rb_tree_node_baseSH_OT_
                0x0800d69c       0x84 miosix/libmiosix.a(mountpointfs.o)
                0x0800d69c                _ZNSt8_Rb_treeIN6miosix10StringPartESt4pairIKS1_iESt10_Select1stIS4_ESt4lessIS1_ESaIS4_EE10_M_insert_IS2_IS1_iEEESt17_Rb_tree_iteratorIS4_EPKSt18_Rb_tree_node_baseSH_OT_
 .text._ZNSt8_Rb_treeIN6miosix10StringPartESt4pairIKS1_iESt10_Select1stIS4_ESt4lessIS1_ESaIS4_EE16_M_insert_uniqueIS2_IS1_iEEES2_ISt17_Rb_tree_iteratorIS4_EbEOT_
                0x0800d720       0x9c miosix/libmiosix.a(mountpointfs.o)
                0x0800d720                _ZNSt8_Rb_treeIN6miosix10StringPartESt4pairIKS1_iESt10_Select1stIS4_ESt4lessIS1_ESaIS4_EE16_M_insert_uniqueIS2_IS1_iEEES2_ISt17_Rb_tree_iteratorIS4_EbEOT_
 .text._ZN6miosix12MountpointFs5mkdirERNS_10StringPartEi
                0x0800d7bc       0x90 miosix/libmiosix.a(mountpointfs.o)
                0x0800d7bc                _ZN6miosix12MountpointFs5mkdirERNS_10StringPartEi
 .text._ZNSt8_Rb_treeIN6miosix10StringPartESt4pairIKS1_iESt10_Select1stIS4_ESt4lessIS1_ESaIS4_EE11equal_rangeERS3_
                0x0800d84c       0xa8 miosix/libmiosix.a(mountpointfs.o)
                0x0800d84c                _ZNSt8_Rb_treeIN6miosix10StringPartESt4pairIKS1_iESt10_Select1stIS4_ESt4lessIS1_ESaIS4_EE11equal_rangeERS3_
 .text._ZN6miosix12MountpointFs5rmdirERNS_10StringPartE
                0x0800d8f4       0xa0 miosix/libmiosix.a(mountpointfs.o)
                0x0800d8f4                _ZN6miosix12MountpointFs5rmdirERNS_10StringPartE
 .text._ZNSt8_Rb_treeIN6miosix10StringPartESt4pairIKS1_iESt10_Select1stIS4_ESt4lessIS1_ESaIS4_EE10_M_insert_IS4_EESt17_Rb_tree_iteratorIS4_EPKSt18_Rb_tree_node_baseSG_OT_
                0x0800d994       0x84 miosix/libmiosix.a(mountpointfs.o)
                0x0800d994                _ZNSt8_Rb_treeIN6miosix10StringPartESt4pairIKS1_iESt10_Select1stIS4_ESt4lessIS1_ESaIS4_EE10_M_insert_IS4_EESt17_Rb_tree_iteratorIS4_EPKSt18_Rb_tree_node_baseSG_OT_
 .text._ZNSt8_Rb_treeIN6miosix10StringPartESt4pairIKS1_iESt10_Select1stIS4_ESt4lessIS1_ESaIS4_EE16_M_insert_uniqueIS4_EES2_ISt17_Rb_tree_iteratorIS4_EbEOT_
                0x0800da18       0x9c miosix/libmiosix.a(mountpointfs.o)
                0x0800da18                _ZNSt8_Rb_treeIN6miosix10StringPartESt4pairIKS1_iESt10_Select1stIS4_ESt4lessIS1_ESaIS4_EE16_M_insert_uniqueIS4_EES2_ISt17_Rb_tree_iteratorIS4_EbEOT_
 .text._ZNSt8_Rb_treeIN6miosix10StringPartESt4pairIKS1_iESt10_Select1stIS4_ESt4lessIS1_ESaIS4_EE17_M_insert_unique_IS4_EESt17_Rb_tree_iteratorIS4_ESt23_Rb_tree_const_iteratorIS4_EOT_
                0x0800dab4      0x130 miosix/libmiosix.a(mountpointfs.o)
                0x0800dab4                _ZNSt8_Rb_treeIN6miosix10StringPartESt4pairIKS1_iESt10_Select1stIS4_ESt4lessIS1_ESaIS4_EE17_M_insert_unique_IS4_EESt17_Rb_tree_iteratorIS4_ESt23_Rb_tree_const_iteratorIS4_EOT_
 .text._ZN6miosix12MountpointFs6renameERNS_10StringPartES2_
                0x0800dbe4       0xd8 miosix/libmiosix.a(mountpointfs.o)
                0x0800dbe4                _ZN6miosix12MountpointFs6renameERNS_10StringPartES2_
 .text._ZNK6miosix9Fat32File5fstatEP4stat
                0x0800dcbc       0x7c miosix/libmiosix.a(fat32.o)
                0x0800dcbc                _ZNK6miosix9Fat32File5fstatEP4stat
 .text._ZN6miosix7Fat32Fs17unlinkRmdirHelperERNS_10StringPartEb
                0x0800dd38       0x94 miosix/libmiosix.a(fat32.o)
                0x0800dd38                _ZN6miosix7Fat32Fs17unlinkRmdirHelperERNS_10StringPartEb
 .text._ZN6miosix7Fat32Fs5rmdirERNS_10StringPartE
                0x0800ddcc        0x8 miosix/libmiosix.a(fat32.o)
                0x0800ddcc                _ZN6miosix7Fat32Fs5rmdirERNS_10StringPartE
 .text._ZN6miosix7Fat32Fs6unlinkERNS_10StringPartE
                0x0800ddd4        0x8 miosix/libmiosix.a(fat32.o)
                0x0800ddd4                _ZN6miosix7Fat32Fs6unlinkERNS_10StringPartE
 .text._ZN6miosix7Fat32Fs5mkdirERNS_10StringPartEi
                0x0800dddc       0x5c miosix/libmiosix.a(fat32.o)
                0x0800dddc                _ZN6miosix7Fat32Fs5mkdirERNS_10StringPartEi
 .text._ZN6miosix7Fat32Fs6renameERNS_10StringPartES2_
                0x0800de38       0x68 miosix/libmiosix.a(fat32.o)
                0x0800de38                _ZN6miosix7Fat32Fs6renameERNS_10StringPartES2_
 .text._ZN6miosix7Fat32Fs5lstatERNS_10StringPartEP4stat
                0x0800dea0       0xc8 miosix/libmiosix.a(fat32.o)
                0x0800dea0                _ZN6miosix7Fat32Fs5lstatERNS_10StringPartEP4stat
 .text._ZN6miosix9Fat32FileD2Ev
                0x0800df68       0x4c miosix/libmiosix.a(fat32.o)
                0x0800df68                _ZN6miosix9Fat32FileD2Ev
                0x0800df68                _ZN6miosix9Fat32FileD1Ev
 .text._ZN6miosix9Fat32FileD0Ev
                0x0800dfb4       0x14 miosix/libmiosix.a(fat32.o)
                0x0800dfb4                _ZN6miosix9Fat32FileD0Ev
 .text._ZN6miosix9Fat32File5ioctlEiPv
                0x0800dfc8       0x50 miosix/libmiosix.a(fat32.o)
                0x0800dfc8                _ZN6miosix9Fat32File5ioctlEiPv
 .text._ZN6miosix9Fat32File5lseekExi
                0x0800e018       0xa8 miosix/libmiosix.a(fat32.o)
                0x0800e018                _ZN6miosix9Fat32File5lseekExi
 .text._ZN6miosix9Fat32File4readEPvj
                0x0800e0c0       0x54 miosix/libmiosix.a(fat32.o)
                0x0800e0c0                _ZN6miosix9Fat32File4readEPvj
 .text._ZN6miosix9Fat32File5writeEPKvj
                0x0800e114       0x64 miosix/libmiosix.a(fat32.o)
                0x0800e114                _ZN6miosix9Fat32File5writeEPKvj
 .text._ZN6miosix14Fat32DirectoryD2Ev
                0x0800e178       0x50 miosix/libmiosix.a(fat32.o)
                0x0800e178                _ZN6miosix14Fat32DirectoryD2Ev
                0x0800e178                _ZN6miosix14Fat32DirectoryD1Ev
 .text._ZN6miosix14Fat32DirectoryD0Ev
                0x0800e1c8       0x14 miosix/libmiosix.a(fat32.o)
                0x0800e1c8                _ZN6miosix14Fat32DirectoryD0Ev
 .text._ZN6miosix14Fat32Directory8getdentsEPvi
                0x0800e1dc      0x14c miosix/libmiosix.a(fat32.o)
                0x0800e1dc                _ZN6miosix14Fat32Directory8getdentsEPvi
 .text._ZN6miosix7Fat32FsC2ENS_17intrusive_ref_ptrINS_8FileBaseEEE
                0x0800e328       0xc4 miosix/libmiosix.a(fat32.o)
                0x0800e328                _ZN6miosix7Fat32FsC1ENS_17intrusive_ref_ptrINS_8FileBaseEEE
                0x0800e328                _ZN6miosix7Fat32FsC2ENS_17intrusive_ref_ptrINS_8FileBaseEEE
 .text._ZN6miosix7Fat32FsD2Ev
                0x0800e3ec       0xdc miosix/libmiosix.a(fat32.o)
                0x0800e3ec                _ZN6miosix7Fat32FsD2Ev
                0x0800e3ec                _ZN6miosix7Fat32FsD1Ev
 .text._ZN6miosix7Fat32FsD0Ev
                0x0800e4c8       0x14 miosix/libmiosix.a(fat32.o)
                0x0800e4c8                _ZN6miosix7Fat32FsD0Ev
 .text._ZN6miosix9Fat32FileC2ENS_17intrusive_ref_ptrINS_14FilesystemBaseEEERNS_9FastMutexE
                0x0800e4dc       0x6c miosix/libmiosix.a(fat32.o)
                0x0800e4dc                _ZN6miosix9Fat32FileC2ENS_17intrusive_ref_ptrINS_14FilesystemBaseEEERNS_9FastMutexE
                0x0800e4dc                _ZN6miosix9Fat32FileC1ENS_17intrusive_ref_ptrINS_14FilesystemBaseEEERNS_9FastMutexE
 .text._ZN6miosix17intrusive_ref_ptrINS_9Fat32FileEE5resetEv
                0x0800e548       0x2c miosix/libmiosix.a(fat32.o)
                0x0800e548                _ZN6miosix17intrusive_ref_ptrINS_9Fat32FileEE5resetEv
 .text._ZN6miosix17intrusive_ref_ptrINS_14Fat32DirectoryEE5resetEv
                0x0800e574       0x2c miosix/libmiosix.a(fat32.o)
                0x0800e574                _ZN6miosix17intrusive_ref_ptrINS_14Fat32DirectoryEE5resetEv
 .text._ZN6miosix7Fat32Fs4openERNS_17intrusive_ref_ptrINS_8FileBaseEEERNS_10StringPartEii
                0x0800e5a0      0x4a0 miosix/libmiosix.a(fat32.o)